Component: ARM Compiler 5.06 update 6 (build 750) Tool: armlink [4d35ed]

==============================================================================

Section Cross References

    main.o(.text) refers to _printf_pad.o(.text) for _printf_pre_padding
    main.o(.text) refers to _printf_percent.o(.ARM.Collect$$_printf_percent$$00000000) for _printf_percent
    main.o(.text) refers to _printf_d.o(.ARM.Collect$$_printf_percent$$00000009) for _printf_d
    main.o(.text) refers to _printf_dec.o(.text) for _printf_int_dec
    main.o(.text) refers to _printf_u.o(.ARM.Collect$$_printf_percent$$0000000A) for _printf_u
    main.o(.text) refers to drv_uart.o(.text) for DRV_UART_FlushRX
    main.o(.text) refers to strlen.o(.text) for strlen
    main.o(.text) refers to timer_software.o(.text) for TIMER_SOFTWARE_reset_timer
    main.o(.text) refers to parser.o(.text) for parse_char
    main.o(.text) refers to atoi.o(.text) for atoi
    main.o(.text) refers to noretval__2printf.o(.text) for __2printf
    main.o(.text) refers to timer_software_init.o(.text) for TIMER_SOFTWARE_init_system
    main.o(.text) refers to drv_sdram.o(.text) for DRV_SDRAM_Init
    main.o(.text) refers to retarget.o(.text) for initRetargetDebugSystem
    main.o(.text) refers to drv_lcd.o(.text) for DRV_LCD_Init
    main.o(.text) refers to drv_touchscreen.o(.text) for DRV_TOUCHSCREEN_Init
    main.o(.text) refers to drv_led.o(.text) for DRV_LED_Init
    main.o(.text) refers to parser.o(.bss) for data
    main.o(.text) refers to main.o(.data) for leds
    main.o(.data) refers to main.o(.conststring) for .conststring
    system_lpc177x_8x.o(.text) refers to system_lpc177x_8x.o(.data) for SystemCoreClock
    startup_lpc177x_8x.o(STACK) refers (Special) to heapauxi.o(.text) for __use_two_region_memory
    startup_lpc177x_8x.o(HEAP) refers (Special) to heapauxi.o(.text) for __use_two_region_memory
    startup_lpc177x_8x.o(RESET) refers (Special) to heapauxi.o(.text) for __use_two_region_memory
    startup_lpc177x_8x.o(RESET) refers to startup_lpc177x_8x.o(STACK) for __initial_sp
    startup_lpc177x_8x.o(RESET) refers to startup_lpc177x_8x.o(.text) for Reset_Handler
    startup_lpc177x_8x.o(RESET) refers to timer_software_init.o(.text) for TIMER0_IRQHandler
    startup_lpc177x_8x.o(RESET) refers to drv_touchscreen.o(.text) for TIMER1_IRQHandler
    startup_lpc177x_8x.o(RESET) refers to drv_uart.o(.text) for UART0_IRQHandler
    startup_lpc177x_8x.o(.ARM.__at_0x02FC) refers (Special) to heapauxi.o(.text) for __use_two_region_memory
    startup_lpc177x_8x.o(.text) refers (Special) to heapauxi.o(.text) for __use_two_region_memory
    startup_lpc177x_8x.o(.text) refers to system_lpc177x_8x.o(.text) for SystemInit
    startup_lpc177x_8x.o(.text) refers to __main.o(!!!main) for __main
    startup_lpc177x_8x.o(.text) refers to startup_lpc177x_8x.o(HEAP) for Heap_Mem
    startup_lpc177x_8x.o(.text) refers to startup_lpc177x_8x.o(STACK) for Stack_Mem
    retarget.o(.text) refers (Special) to use_no_semi.o(.text) for __use_no_semihosting_swi
    retarget.o(.text) refers to drv_uart.o(.text) for DRV_UART_Configure
    retarget.o(.data) refers (Special) to use_no_semi.o(.text) for __use_no_semihosting_swi
    parser.o(.text) refers to _printf_percent.o(.ARM.Collect$$_printf_percent$$00000000) for _printf_percent
    parser.o(.text) refers to _printf_d.o(.ARM.Collect$$_printf_percent$$00000009) for _printf_d
    parser.o(.text) refers to _printf_c.o(.ARM.Collect$$_printf_percent$$00000013) for _printf_c
    parser.o(.text) refers to _printf_s.o(.ARM.Collect$$_printf_percent$$00000014) for _printf_s
    parser.o(.text) refers to _printf_dec.o(.text) for _printf_int_dec
    parser.o(.text) refers to _printf_str.o(.text) for _printf_str
    parser.o(.text) refers to _printf_pad.o(.text) for _printf_pre_padding
    parser.o(.text) refers to _printf_u.o(.ARM.Collect$$_printf_percent$$0000000A) for _printf_u
    parser.o(.text) refers to noretval__2printf.o(.text) for __2printf
    parser.o(.text) refers to rt_memcpy_w.o(.text) for __aeabi_memcpy4
    parser.o(.text) refers to atoi.o(.text) for atoi
    parser.o(.text) refers to parser.o(.data) for current_col
    parser.o(.text) refers to parser.o(.bss) for data
    parser.o(.text) refers to parser.o(.constdata) for emptyData
    drv_sdram.o(.text) refers to dflt_clz.o(x$fpl$dfltu) for __aeabi_ui2d
    drv_sdram.o(.text) refers to ddiv.o(x$fpl$ddiv) for __aeabi_ddiv
    drv_sdram.o(.text) refers to d2f.o(x$fpl$d2f) for __aeabi_d2f
    drv_sdram.o(.text) refers to fflt_clz.o(x$fpl$ffltu) for __aeabi_ui2f
    drv_sdram.o(.text) refers to fleqf.o(x$fpl$fleqf) for __aeabi_cfcmple
    drv_sdram.o(.text) refers to fdiv.o(x$fpl$fdiv) for __aeabi_fdiv
    drv_sdram.o(.text) refers to ffixu.o(x$fpl$ffixu) for __aeabi_f2uiz
    drv_sdram.o(.text) refers to system_lpc177x_8x.o(.data) for EMCClock
    drv_lcd.o(.text) refers to system_lpc177x_8x.o(.data) for PeripheralClock
[...]
    Removing drv_led.o(.revsh_text), (4 bytes).
    Removing wiznet.o(.text), (4512 bytes).
    Removing wiznet.o(.bss), (272 bytes).
    Removing wiznet.o(.data), (82 bytes).
    Removing wiznet_io.o(.text), (32 bytes).
    Removing wiznet_print.o(.text), (692 bytes).
    Removing timer_software_init.o(.rev16_text), (4 bytes).
    Removing timer_software_init.o(.revsh_text), (4 bytes).

23 unused section(s) (total 5662 bytes) removed from the image.

==============================================================================

Image Symbol Table

    Local Symbols

    Symbol Name                              Value     Ov Type        Size  Object(Section)

    RESET                                    0x00000000   Section      228  startup_lpc177x_8x.o(RESET)
    ../clib/angel/boardlib.s                 0x00000000   Number         0  boardshut.o ABSOLUTE
    ../clib/angel/boardlib.s                 0x00000000   Number         0  boardinit1.o ABSOLUTE
    ../clib/angel/boardlib.s                 0x00000000   Number         0  boardinit2.o ABSOLUTE
    ../clib/angel/boardlib.s                 0x00000000   Number         0  boardinit3.o ABSOLUTE
    ../clib/angel/dczerorl2.s                0x00000000   Number         0  __dczerorl2.o ABSOLUTE
    ../clib/angel/handlers.s                 0x00000000   Number         0  __scatter_zi.o ABSOLUTE
    ../clib/angel/kernel.s                   0x00000000   Number         0  rtexit2.o ABSOLUTE
    ../clib/angel/kernel.s                   0x00000000   Number         0  __rtentry2.o ABSOLUTE
    ../clib/angel/kernel.s                   0x00000000   Number         0  __rtentry4.o ABSOLUTE
    ../clib/angel/kernel.s                   0x00000000   Number         0  rtexit.o ABSOLUTE
    ../clib/angel/kernel.s                   0x00000000   Number         0  __rtentry.o ABSOLUTE
    ../clib/angel/rt.s                       0x00000000   Number         0  rt_locale_intlibspace.o ABSOLUTE
    ../clib/angel/rt.s                       0x00000000   Number         0  rt_locale.o ABSOLUTE
    ../clib/angel/rt.s                       0x00000000   Number         0  rt_ctype_table.o ABSOLUTE
    ../clib/angel/rt.s                       0x00000000   Number         0  rt_div0.o ABSOLUTE
    ../clib/angel/rt.s                       0x00000000   Number         0  rt_errno_addr.o ABSOLUTE
    ../clib/angel/rt.s                       0x00000000   Number         0  aeabi_ldiv0_sigfpe.o ABSOLUTE
    ../clib/angel/rt.s                       0x00000000   Number         0  aeabi_ldiv0.o ABSOLUTE
    ../clib/angel/rt.s                       0x00000000   Number         0  rt_errno_addr_intlibspace.o ABSOLUTE
    ../clib/angel/rt.s                       0x00000000   Number         0  rt_raise.o ABSOLUTE
    ../clib/angel/scatter.s                  0x00000000   Number         0  __scatter.o ABSOLUTE
    ../clib/angel/startup.s                  0x00000000   Number         0  __main.o ABSOLUTE
    ../clib/angel/sys.s                      0x00000000   Number         0  sys_stackheap_outer.o ABSOLUTE
    ../clib/angel/sys.s                      0x00000000   Number         0  use_no_semi.o ABSOLUTE
    ../clib/angel/sys.s                      0x00000000   Number         0  indicate_semi.o ABSOLUTE
    ../clib/angel/sys.s                      0x00000000   Number         0  libspace.o ABSOLUTE
    ../clib/angel/sysapp.c                   0x00000000   Number         0  sys_command.o ABSOLUTE
    ../clib/armsys.c                         0x00000000   Number         0  _get_argv_nomalloc.o ABSOLUTE
    ../clib/armsys.c                         0x00000000   Number         0  argv_veneer.o ABSOLUTE
    ../clib/armsys.c                         0x00000000   Number         0  argv_veneer.o ABSOLUTE
    ../clib/armsys.c                         0x00000000   Number         0  no_argv.o ABSOLUTE
    ../clib/assert.c                         0x00000000   Number         0  assert.o ABSOLUTE
    ../clib/assert.c                         0x00000000   Number         0  assert_puts.o ABSOLUTE
    ../clib/heapalloc.c                      0x00000000   Number         0  hrguard.o ABSOLUTE
    ../clib/heapaux.c                        0x00000000   Number         0  heapauxi.o ABSOLUTE
    ../clib/libinit.s                        0x00000000   Number         0  libshutdown2.o ABSOLUTE
    ../clib/libinit.s                        0x00000000   Number         0  libinit2.o ABSOLUTE
    ../clib/libinit.s                        0x00000000   Number         0  libinit.o ABSOLUTE
    ../clib/libinit.s                        0x00000000   Number         0  libshutdown.o ABSOLUTE
    ../clib/locale.s                         0x00000000   Number         0  lc_ctype_c.o ABSOLUTE
    ../clib/longlong.s                       0x00000000   Number         0  lludivv7m.o ABSOLUTE
    ../clib/memcpset.s                       0x00000000   Number         0  strcmpv7m.o ABSOLUTE
    ../clib/memcpset.s                       0x00000000   Number         0  rt_memcpy_w.o ABSOLUTE
    ../clib/misc.s                           0x00000000   Number         0  printf_stubs.o ABSOLUTE
    ../clib/printf.c                         0x00000000   Number         0  __printf_ss.o ABSOLUTE
    ../clib/printf.c                         0x00000000   Number         0  _printf_char.o ABSOLUTE
    ../clib/printf.c                         0x00000000   Number         0  __printf_flags_wp.o ABSOLUTE
    ../clib/printf.c                         0x00000000   Number         0  __printf_wp.o ABSOLUTE
    ../clib/printf.c                         0x00000000   Number         0  __printf_flags_ss.o ABSOLUTE
    ../clib/printf.c                         0x00000000   Number         0  __printf.o ABSOLUTE
    ../clib/printf.c                         0x00000000   Number         0  noretval__2printf.o ABSOLUTE
    ../clib/printf.c                         0x00000000   Number         0  __printf_ss_wp.o ABSOLUTE
    ../clib/printf.c                         0x00000000   Number         0  _printf_pad.o ABSOLUTE
    ../clib/printf.c                         0x00000000   Number         0  __printf_nopercent.o ABSOLUTE
    ../clib/printf.c                         0x00000000   Number         0  _printf_char_file.o ABSOLUTE
    ../clib/printf.c                         0x00000000   Number         0  _printf_dec.o ABSOLUTE
    ../clib/printf.c                         0x00000000   Number         0  _printf_str.o ABSOLUTE
    ../clib/printf.c                         0x00000000   Number         0  __2printf.o ABSOLUTE
    ../clib/printf.c                         0x00000000   Number         0  _printf_char_common.o ABSOLUTE
    ../clib/printf.c                         0x00000000   Number         0  _printf_hex_ll_ptr.o ABSOLUTE
    ../clib/printf.c                         0x00000000   Number         0  _printf_hex_ll.o ABSOLUTE
    ../clib/printf.c                         0x00000000   Number         0  _printf_hex_int.o ABSOLUTE
    ../clib/printf.c                         0x00000000   Number         0  _printf_hex_int_ll.o ABSOLUTE
    ../clib/printf.c                         0x00000000   Number         0  _printf_hex_ptr.o ABSOLUTE
    ../clib/printf.c                         0x00000000   Number         0  _printf_hex_int_ptr.o ABSOLUTE
    ../clib/printf.c                         0x00000000   Number         0  _printf_hex_int_ll_ptr.o ABSOLUTE
    ../clib/printf.c                         0x00000000   Number         0  _printf_intcommon.o ABSOLUTE
    ../clib/printf.c                         0x00000000   Number         0  __printf_flags.o ABSOLUTE
    ../clib/printf.c                         0x00000000   Number         0  __printf_flags_ss_wp.o ABSOLUTE
    ../clib/printf_percent.s                 0x00000000   Number         0  _printf_percent.o ABSOLUTE
    ../clib/printf_percent.s                 0x00000000   Number         0  _printf_u.o ABSOLUTE
    ../clib/printf_percent.s                 0x00000000   Number         0  _printf_x.o ABSOLUTE
    ../clib/printf_percent.s                 0x00000000   Number         0  _printf_c.o ABSOLUTE
    ../clib/printf_percent.s                 0x00000000   Number         0  _printf_d.o ABSOLUTE
    ../clib/printf_percent.s                 0x00000000   Number         0  _printf_percent_end.o ABSOLUTE
    ../clib/printf_percent.s                 0x00000000   Number         0  _printf_s.o ABSOLUTE
    ../clib/scanf.c                          0x00000000   Number         0  strtol.o ABSOLUTE
    ../clib/scanf.c                          0x00000000   Number         0  atoi.o ABSOLUTE
    ../clib/scanf.c                          0x00000000   Number         0  _chval.o ABSOLUTE
    ../clib/scanf.c                          0x00000000   Number         0  _strtoul.o ABSOLUTE
    ../clib/signal.c                         0x00000000   Number         0  defsig_general.o ABSOLUTE
    ../clib/signal.c                         0x00000000   Number         0  __raise.o ABSOLUTE
    ../clib/signal.c                         0x00000000   Number         0  defsig_fpe_formal.o ABSOLUTE
    ../clib/signal.c                         0x00000000   Number         0  defsig_fpe_outer.o ABSOLUTE
    ../clib/signal.c                         0x00000000   Number         0  defsig_abrt_inner.o ABSOLUTE
    ../clib/signal.c                         0x00000000   Number         0  defsig_exit.o ABSOLUTE
    ../clib/signal.c                         0x00000000   Number         0  defsig_abrt_formal.o ABSOLUTE
    ../clib/signal.c                         0x00000000   Number         0  defsig_abrt_outer.o ABSOLUTE
    ../clib/signal.c                         0x00000000   Number         0  defsig_pvfn_inner.o ABSOLUTE
    ../clib/signal.c                         0x00000000   Number         0  defsig_rtred_inner.o ABSOLUTE
    ../clib/signal.c                         0x00000000   Number         0  defsig_rtmem_inner.o ABSOLUTE
    ../clib/signal.c                         0x00000000   Number         0  defsig_stak_inner.o ABSOLUTE
    ../clib/signal.c                         0x00000000   Number         0  defsig_cppl_inner.o ABSOLUTE
    ../clib/signal.c                         0x00000000   Number         0  defsig_segv_inner.o ABSOLUTE
    ../clib/signal.c                         0x00000000   Number         0  defsig_other.o ABSOLUTE
    ../clib/signal.c                         0x00000000   Number         0  defsig_rtmem_outer.o ABSOLUTE
    ../clib/signal.c                         0x00000000   Number         0  defsig_rtmem_formal.o ABSOLUTE
    ../clib/signal.c                         0x00000000   Number         0  defsig_fpe_inner.o ABSOLUTE
    ../clib/signal.s                         0x00000000   Number         0  defsig.o ABSOLUTE
    ../clib/stdlib.c                         0x00000000   Number         0  exit.o ABSOLUTE
    ../clib/stdlib.c                         0x00000000   Number         0  abort.o ABSOLUTE
    ../clib/string.c                         0x00000000   Number         0  strlen.o ABSOLUTE
    ../fplib/d2f.s                           0x00000000   Number         0  d2f.o ABSOLUTE
    ../fplib/ddiv.s                          0x00000000   Number         0  ddiv.o ABSOLUTE
    ../fplib/dflt.s                          0x00000000   Number         0  dflt_clz.o ABSOLUTE
    ../fplib/dnaninf.s                       0x00000000   Number         0  dnaninf.o ABSOLUTE
    ../fplib/dretinf.s                       0x00000000   Number         0  dretinf.o ABSOLUTE
    ../fplib/fcmpi.s                         0x00000000   Number         0  fcmpi.o ABSOLUTE
    ../fplib/fdiv.s                          0x00000000   Number         0  fdiv.o ABSOLUTE
    ../fplib/ffixu.s                         0x00000000   Number         0  ffixu.o ABSOLUTE
    ../fplib/fflt.s                          0x00000000   Number         0  fflt_clz.o ABSOLUTE
    ../fplib/fleqf.s                         0x00000000   Number         0  fleqf.o ABSOLUTE
    ../fplib/fnaninf.s                       0x00000000   Number         0  fnaninf.o ABSOLUTE
    ../fplib/fpinit.s                        0x00000000   Number         0  fpinit.o ABSOLUTE
    ../fplib/fretinf.s                       0x00000000   Number         0  fretinf.o ABSOLUTE
    ../fplib/usenofp.s                       0x00000000   Number         0  usenofp.o ABSOLUTE
    code\Parser.c                            0x00000000   Number         0  parser.o ABSOLUTE
    code\Retarget.c                          0x00000000   Number         0  retarget.o ABSOLUTE
    code\\drv\\drv_general.c                 0x00000000   Number         0  drv_general.o ABSOLUTE
    code\\drv\\drv_lcd.c                     0x00000000   Number         0  drv_lcd.o ABSOLUTE
    code\\drv\\drv_led.c                     0x00000000   Number         0  drv_led.o ABSOLUTE
    code\\drv\\drv_sdram.c                   0x00000000   Number         0  drv_sdram.o ABSOLUTE
    code\\drv\\drv_touchscreen.c             0x00000000   Number         0  drv_touchscreen.o ABSOLUTE
    code\\drv\\drv_uart.c                    0x00000000   Number         0  drv_uart.o ABSOLUTE
    code\\main.c                             0x00000000   Number         0  main.o ABSOLUTE
    code\\system_LPC177x_8x.c                0x00000000   Number         0  system_lpc177x_8x.o ABSOLUTE
    code\\utils\\timer_software_init.c       0x00000000   Number         0  timer_software_init.o ABSOLUTE
    code\drv\drv_general.c                   0x00000000   Number         0  drv_general.o ABSOLUTE
    code\drv\drv_lcd.c                       0x00000000   Number         0  drv_lcd.o ABSOLUTE
    code\drv\drv_led.c                       0x00000000   Number         0  drv_led.o ABSOLUTE
    code\drv\drv_sdram.c                     0x00000000   Number         0  drv_sdram.o ABSOLUTE
    code\drv\drv_touchscreen.c               0x00000000   Number         0  drv_touchscreen.o ABSOLUTE
    code\drv\drv_uart.c                      0x00000000   Number         0  drv_uart.o ABSOLUTE
    code\drv\gl_fonts.c                      0x00000000   Number         0  gl_fonts.o ABSOLUTE
    code\drv\wiznet.c                        0x00000000   Number         0  wiznet.o ABSOLUTE
    code\drv\wiznet_io.c                     0x00000000   Number         0  wiznet_io.o ABSOLUTE
    code\drv\wiznet_print.c                  0x00000000   Number         0  wiznet_print.o ABSOLUTE
    code\main.c                              0x00000000   Number         0  main.o ABSOLUTE
    code\startup_LPC177x_8x.s                0x00000000   Number         0  startup_lpc177x_8x.o ABSOLUTE
    code\system_LPC177x_8x.c                 0x00000000   Number         0  system_lpc177x_8x.o ABSOLUTE
    code\utils\ringbuf.c                     0x00000000   Number         0  ringbuf.o ABSOLUTE
    code\utils\timer_software.c              0x00000000   Number         0  timer_software.o ABSOLUTE
    code\utils\timer_software_init.c         0x00000000   Number         0  timer_software_init.o ABSOLUTE
    dc.s                                     0x00000000   Number         0  dc.o ABSOLUTE
    !!!main                                  0x000000e4   Section        8  __main.o(!!!main)
    !!!scatter                               0x000000ec   Section       52  __scatter.o(!!!scatter)
    !!dczerorl2                              0x00000120   Section       90  __dczerorl2.o(!!dczerorl2)
    !!handler_zi                             0x0000017c   Section       28  __scatter_zi.o(!!handler_zi)
    .ARM.Collect$$_printf_percent$$00000000  0x00000198   Section        0  _printf_percent.o(.ARM.Collect$$_printf_percent$$00000000)
    .ARM.Collect$$_printf_percent$$00000009  0x00000198   Section        6  _printf_d.o(.ARM.Collect$$_printf_percent$$00000009)
    .ARM.Collect$$_printf_percent$$0000000A  0x0000019e   Section        6  _printf_u.o(.ARM.Collect$$_printf_percent$$0000000A)
    .ARM.Collect$$_printf_percent$$00000013  0x000001a4   Section        6  _printf_c.o(.ARM.Collect$$_printf_percent$$00000013)
    .ARM.Collect$$_printf_percent$$00000014  0x000001aa   Section        6  _printf_s.o(.ARM.Collect$$_printf_percent$$00000014)
    .ARM.Collect$$_printf_percent$$00000017  0x000001b0   Section        4  _printf_percent_end.o(.ARM.Collect$$_printf_percent$$00000017)
    .ARM.Collect$$libinit$$00000000          0x000001b4   Section        2  libinit.o(.ARM.Collect$$libinit$$00000000)
    .ARM.Collect$$libinit$$00000002          0x000001b6   Section        0  libinit2.o(.ARM.Collect$$libinit$$00000002)
    .ARM.Collect$$libinit$$00000004          0x000001b6   Section        0  libinit2.o(.ARM.Collect$$libinit$$00000004)
    .ARM.Collect$$libinit$$0000000A          0x000001b6   Section        0  libinit2.o(.ARM.Collect$$libinit$$0000000A)
    .ARM.Collect$$libinit$$0000000C          0x000001b6   Section        0  libinit2.o(.ARM.Collect$$libinit$$0000000C)
    .ARM.Collect$$libinit$$0000000E          0x000001b6   Section        0  libinit2.o(.ARM.Collect$$libinit$$0000000E)
    .ARM.Collect$$libinit$$0000000F          0x000001b6   Section        6  libinit2.o(.ARM.Collect$$libinit$$0000000F)
    .ARM.Collect$$libinit$$00000011          0x000001bc   Section        0  libinit2.o(.ARM.Collect$$libinit$$00000011)
    .ARM.Collect$$libinit$$00000012          0x000001bc   Section       12  libinit2.o(.ARM.Collect$$libinit$$00000012)
    .ARM.Collect$$libinit$$00000013          0x000001c8   Section        0  libinit2.o(.ARM.Collect$$libinit$$00000013)
    .ARM.Collect$$libinit$$00000015          0x000001c8   Section        0  libinit2.o(.ARM.Collect$$libinit$$00000015)
    .ARM.Collect$$libinit$$00000017          0x000001c8   Section        0  libinit2.o(.ARM.Collect$$libinit$$00000017)
    .ARM.Collect$$libinit$$00000019          0x000001c8   Section        0  libinit2.o(.ARM.Collect$$libinit$$00000019)
    .ARM.Collect$$libinit$$0000001B          0x000001c8   Section        0  libinit2.o(.ARM.Collect$$libinit$$0000001B)
    .ARM.Collect$$libinit$$0000001D          0x000001c8   Section        0  libinit2.o(.ARM.Collect$$libinit$$0000001D)
    .ARM.Collect$$libinit$$0000001F          0x000001c8   Section        0  libinit2.o(.ARM.Collect$$libinit$$0000001F)
    .ARM.Collect$$libinit$$00000021          0x000001c8   Section        0  libinit2.o(.ARM.Collect$$libinit$$00000021)
    .ARM.Collect$$libinit$$00000023          0x000001c8   Section        0  libinit2.o(.ARM.Collect$$libinit$$00000023)
    .ARM.Collect$$libinit$$00000025          0x000001c8   Section        0  libinit2.o(.ARM.Collect$$libinit$$00000025)
    .ARM.Collect$$libinit$$0000002C          0x000001c8   Section        0  libinit2.o(.ARM.Collect$$libinit$$0000002C)
    .ARM.Collect$$libinit$$0000002E          0x000001c8   Section        0  libinit2.o(.ARM.Collect$$libinit$$0000002E)
    .ARM.Collect$$libinit$$00000030          0x000001c8   Section        0  libinit2.o(.ARM.Collect$$libinit$$00000030)
    .ARM.Collect$$libinit$$00000032          0x000001c8   Section        0  libinit2.o(.ARM.Collect$$libinit$$00000032)
    .ARM.Collect$$libinit$$00000033          0x000001c8   Section        2  libinit2.o(.ARM.Collect$$libinit$$00000033)
    .ARM.Collect$$libshutdown$$00000000      0x000001ca   Section        2  libshutdown.o(.ARM.Collect$$libshutdown$$00000000)
    .ARM.Collect$$libshutdown$$00000002      0x000001cc   Section        0  libshutdown2.o(.ARM.Collect$$libshutdown$$00000002)
    .ARM.Collect$$libshutdown$$00000004      0x000001cc   Section        0  libshutdown2.o(.ARM.Collect$$libshutdown$$00000004)
    .ARM.Collect$$libshutdown$$00000007      0x000001cc   Section        0  libshutdown2.o(.ARM.Collect$$libshutdown$$00000007)
    .ARM.Collect$$libshutdown$$0000000A      0x000001cc   Section        0  libshutdown2.o(.ARM.Collect$$libshutdown$$0000000A)
    .ARM.Collect$$libshutdown$$0000000C      0x000001cc   Section        0  libshutdown2.o(.ARM.Collect$$libshutdown$$0000000C)
    .ARM.Collect$$libshutdown$$0000000F      0x000001cc   Section        0  libshutdown2.o(.ARM.Collect$$libshutdown$$0000000F)
    .ARM.Collect$$libshutdown$$00000010      0x000001cc   Section        2  libshutdown2.o(.ARM.Collect$$libshutdown$$00000010)
    .ARM.Collect$$rtentry$$00000000          0x000001ce   Section        0  __rtentry.o(.ARM.Collect$$rtentry$$00000000)
    .ARM.Collect$$rtentry$$00000002          0x000001ce   Section        0  __rtentry2.o(.ARM.Collect$$rtentry$$00000002)
    .ARM.Collect$$rtentry$$00000004          0x000001ce   Section        6  __rtentry4.o(.ARM.Collect$$rtentry$$00000004)
    .ARM.Collect$$rtentry$$00000009          0x000001d4   Section        0  __rtentry2.o(.ARM.Collect$$rtentry$$00000009)
    .ARM.Collect$$rtentry$$0000000A          0x000001d4   Section        4  __rtentry2.o(.ARM.Collect$$rtentry$$0000000A)
    .ARM.Collect$$rtentry$$0000000C          0x000001d8   Section        0  __rtentry2.o(.ARM.Collect$$rtentry$$0000000C)
    .ARM.Collect$$rtentry$$0000000D          0x000001d8   Section        8  __rtentry2.o(.ARM.Collect$$rtentry$$0000000D)
    .ARM.Collect$$rtexit$$00000000           0x000001e0   Section        2  rtexit.o(.ARM.Collect$$rtexit$$00000000)
    .ARM.Collect$$rtexit$$00000002           0x000001e2   Section        0  rtexit2.o(.ARM.Collect$$rtexit$$00000002)
    .ARM.Collect$$rtexit$$00000003           0x000001e2   Section        4  rtexit2.o(.ARM.Collect$$rtexit$$00000003)
    .ARM.Collect$$rtexit$$00000004           0x000001e6   Section        6  rtexit2.o(.ARM.Collect$$rtexit$$00000004)
    .text                                    0x000001ec   Section       64  startup_lpc177x_8x.o(.text)
    .text                                    0x0000022c   Section        0  retarget.o(.text)
    .text                                    0x00000284   Section        0  timer_software_init.o(.text)
    .text                                    0x000002e4   Section        2  use_no_semi.o(.text)
    .text                                    0x000002e6   Section        0  heapauxi.o(.text)
    .text                                    0x000002ec   Section        8  rt_errno_addr_intlibspace.o(.text)
    .text                                    0x000002f4   Section        8  libspace.o(.text)
    .ARM.__at_0x02FC                         0x000002fc   Section        4  startup_lpc177x_8x.o(.ARM.__at_0x02FC)
    .text                                    0x00000300   Section        0  main.o(.text)
    .text                                    0x000005e0   Section        0  system_lpc177x_8x.o(.text)
    .text                                    0x000009f0   Section        0  parser.o(.text)
    .text                                    0x00000db0   Section        0  drv_sdram.o(.text)
    .text                                    0x00001040   Section        0  drv_lcd.o(.text)
    .text                                    0x00001644   Section        0  drv_uart.o(.text)
    .text                                    0x000028e4   Section        0  drv_general.o(.text)
    .text                                    0x00002a24   Section        0  drv_touchscreen.o(.text)
    .text                                    0x00003060   Section        0  drv_led.o(.text)
    .text                                    0x0000313c   Section        0  ringbuf.o(.text)
    UpdateIndexAtomic                        0x0000313d   Thumb Code    22  ringbuf.o(.text)
    .text                                    0x000032d8   Section        0  timer_software.o(.text)
    .text                                    0x00003a88   Section      238  lludivv7m.o(.text)
    .text                                    0x00003b78   Section        0  noretval__2printf.o(.text)
    .text                                    0x00003b90   Section        0  _printf_pad.o(.text)
    .text                                    0x00003bde   Section        0  _printf_str.o(.text)
    .text                                    0x00003c30   Section        0  _printf_dec.o(.text)
    .text                                    0x00003ca8   Section        0  __printf_flags_wp.o(.text)
    .text                                    0x00003de0   Section        0  atoi.o(.text)
    .text                                    0x00003dfc   Section        0  assert.o(.text)
    .text                                    0x00003e7c   Section        0  strlen.o(.text)
    .text                                    0x00003eba   Section      100  rt_memcpy_w.o(.text)
    .text                                    0x00003f1e   Section        0  _printf_intcommon.o(.text)
    .text                                    0x00003fd0   Section        0  _printf_char.o(.text)
    .text                                    0x00003ffc   Section        0  _printf_char_file.o(.text)
    .text                                    0x00004020   Section        0  strtol.o(.text)
    .text                                    0x00004090   Section        0  abort.o(.text)
    .text                                    0x000040a6   Section        0  assert_puts.o(.text)
    .text                                    0x000040bc   Section       16  rt_ctype_table.o(.text)
    .text                                    0x000040cc   Section        0  _printf_char_common.o(.text)
    _printf_input_char                       0x000040cd   Thumb Code    10  _printf_char_common.o(.text)
    .text                                    0x000040fc   Section        0  _strtoul.o(.text)
    .text                                    0x0000419a   Section        0  defsig_abrt_outer.o(.text)
    .text                                    0x000041a8   Section       74  sys_stackheap_outer.o(.text)
    .text                                    0x000041f4   Section        8  rt_locale_intlibspace.o(.text)
    .text                                    0x000041fc   Section        0  _chval.o(.text)
    .text                                    0x00004218   Section        0  exit.o(.text)
    .text                                    0x0000422a   Section        0  defsig_exit.o(.text)
    .text                                    0x00004234   Section        0  defsig_abrt_inner.o(.text)
    .text                                    0x00004264   Section        0  defsig_general.o(.text)
    .text                                    0x00004298   Section      128  strcmpv7m.o(.text)
    i._is_digit                              0x00004318   Section        0  __printf_wp.o(i._is_digit)
    locale$$code                             0x00004328   Section       44  lc_ctype_c.o(locale$$code)
    x$fpl$d2f                                0x00004354   Section       98  d2f.o(x$fpl$d2f)
    x$fpl$ddiv                               0x000043b8   Section      688  ddiv.o(x$fpl$ddiv)
    ddiv_entry                               0x000043bf   Thumb Code     0  ddiv.o(x$fpl$ddiv)
    x$fpl$dfltu                              0x00004668   Section       38  dflt_clz.o(x$fpl$dfltu)
    x$fpl$dnaninf                            0x0000468e   Section      156  dnaninf.o(x$fpl$dnaninf)
    x$fpl$dretinf                            0x0000472a   Section       12  dretinf.o(x$fpl$dretinf)
    x$fpl$fcmpinf                            0x00004736   Section       24  fcmpi.o(x$fpl$fcmpinf)
    x$fpl$fdiv                               0x00004750   Section      388  fdiv.o(x$fpl$fdiv)
    _fdiv1                                   0x00004751   Thumb Code     0  fdiv.o(x$fpl$fdiv)
    x$fpl$ffixu                              0x000048d4   Section       62  ffixu.o(x$fpl$ffixu)
    x$fpl$ffltu                              0x00004914   Section       38  fflt_clz.o(x$fpl$ffltu)
    x$fpl$fleqf                              0x0000493c   Section      104  fleqf.o(x$fpl$fleqf)
    x$fpl$fnaninf                            0x000049a4   Section      140  fnaninf.o(x$fpl$fnaninf)
    x$fpl$fretinf                            0x00004a30   Section       10  fretinf.o(x$fpl$fretinf)
    x$fpl$usenofp                            0x00004a3a   Section        0  usenofp.o(x$fpl$usenofp)
    .constdata                               0x00004a3c   Section    12908  parser.o(.constdata)
    emptyData                                0x00004a3c   Data       12908  parser.o(.constdata)
    .constdata                               0x00007ca8   Section    16080  gl_fonts.o(.constdata)
    .constdata                               0x0000bb78   Section       17  __printf_flags_wp.o(.constdata)
    maptable                                 0x0000bb78   Data          17  __printf_flags_wp.o(.constdata)
    .conststring                             0x0000bb8c   Section        9  main.o(.conststring)
    locale$$data                             0x0000bbb8   Section      272  lc_ctype_c.o(locale$$data)
    __lcctype_c_name                         0x0000bbbc   Data           2  lc_ctype_c.o(locale$$data)
    __lcctype_c_start                        0x0000bbc4   Data           0  lc_ctype_c.o(locale$$data)
    __lcctype_c_end                          0x0000bcc8   Data           0  lc_ctype_c.o(locale$$data)
    .data                                    0x10000000   Section       16  main.o(.data)
    .data                                    0x10000010   Section       16  system_lpc177x_8x.o(.data)
    .data                                    0x10000020   Section        8  retarget.o(.data)
    .data                                    0x10000028   Section        4  parser.o(.data)
    state                                    0x1000002a   Data           2  parser.o(.data)
    .data                                    0x1000002c   Section      260  drv_uart.o(.data)
    .data                                    0x10000130   Section       24  drv_touchscreen.o(.data)
    Touch                                    0x10000130   Data           1  drv_touchscreen.o(.data)
    X                                        0x10000132   Data           2  drv_touchscreen.o(.data)
    Y                                        0x10000134   Data           2  drv_touchscreen.o(.data)
    X_temp                                   0x10000136   Data           2  drv_touchscreen.o(.data)
    Y_temp                                   0x10000138   Data           2  drv_touchscreen.o(.data)
    Touch_temp                               0x1000013a   Data           1  drv_touchscreen.o(.data)
    State                                    0x1000013b   Data           1  drv_touchscreen.o(.data)
    Samples                                  0x1000013c   Data           4  drv_touchscreen.o(.data)
    .data                                    0x10000148   Section       40  gl_fonts.o(.data)
    .data                                    0x10000170   Section       15  drv_led.o(.data)
    .data                                    0x10000180   Section        2  timer_software.o(.data)
    .bss                                     0x10000184   Section    12908  parser.o(.bss)
    .bss                                     0x100033f0   Section     5280  drv_uart.o(.bss)
    uart0_rx_buffer                          0x100033f0   Data         512  drv_uart.o(.bss)
    uart1_rx_buffer                          0x100035f0   Data         512  drv_uart.o(.bss)
    uart2_rx_buffer                          0x100037f0   Data         512  drv_uart.o(.bss)
    uart3_rx_buffer                          0x100039f0   Data         512  drv_uart.o(.bss)
    uart4_rx_buffer                          0x10003bf0   Data         512  drv_uart.o(.bss)
    uart0_tx_buffer                          0x10003df0   Data         512  drv_uart.o(.bss)
    uart1_tx_buffer                          0x10003ff0   Data         512  drv_uart.o(.bss)
    uart2_tx_buffer                          0x100041f0   Data         512  drv_uart.o(.bss)
    uart3_tx_buffer                          0x100043f0   Data         512  drv_uart.o(.bss)
    uart4_tx_buffer                          0x100045f0   Data         512  drv_uart.o(.bss)
    uart0_rx_ring_buffer                     0x100047f0   Data          16  drv_uart.o(.bss)
    uart1_rx_ring_buffer                     0x10004800   Data          16  drv_uart.o(.bss)
    uart2_rx_ring_buffer                     0x10004810   Data          16  drv_uart.o(.bss)
    uart3_rx_ring_buffer                     0x10004820   Data          16  drv_uart.o(.bss)
    uart4_rx_ring_buffer                     0x10004830   Data          16  drv_uart.o(.bss)
    uart0_tx_ring_buffer                     0x10004840   Data          16  drv_uart.o(.bss)
    uart1_tx_ring_buffer                     0x10004850   Data          16  drv_uart.o(.bss)
    uart2_tx_ring_buffer                     0x10004860   Data          16  drv_uart.o(.bss)
    uart3_tx_ring_buffer                     0x10004870   Data          16  drv_uart.o(.bss)
    uart4_tx_ring_buffer                     0x10004880   Data          16  drv_uart.o(.bss)
    .bss                                     0x10004890   Section      320  timer_software.o(.bss)
    .bss                                     0x100049d0   Section       96  libspace.o(.bss)
    HEAP                                     0x10004a30   Section     1024  startup_lpc177x_8x.o(HEAP)
    Heap_Mem                                 0x10004a30   Data        1024  startup_lpc177x_8x.o(HEAP)
    STACK                                    0x10004e30   Section      512  startup_lpc177x_8x.o(STACK)
    Stack_Mem                                0x10004e30   Data         512  startup_lpc177x_8x.o(STACK)
    __initial_sp                             0x10005030   Data           0  startup_lpc177x_8x.o(STACK)
    .bss                                     0xa0000000   Section    522240  drv_lcd.o(.bss)

    Global Symbols

    Symbol Name                              Value     Ov Type        Size  Object(Section)

    BuildAttributes$$THM_ISAv4$P$D$K$B$S$PE$A:L22UL41UL21$X:L11$S22US41US21$IEEE1$IW$USESV6$~STKCKD$USESV7$~SHL$OSPACE$ROPI$EBA8$UX$STANDARDLIB$REQ8$PRES8$EABIv2 0x00000000   Number         0  anon$$obj.o ABSOLUTE
    __ARM_use_no_argv                        0x00000000   Number         0  main.o ABSOLUTE
    __Vectors                                0x00000000   Data           4  startup_lpc177x_8x.o(RESET)
    _printf_flags                            0x00000000   Number         0  printf_stubs.o ABSOLUTE
    _printf_return_value                     0x00000000   Number         0  printf_stubs.o ABSOLUTE
    _printf_sizespec                         0x00000000   Number         0  printf_stubs.o ABSOLUTE
    _printf_widthprec                        0x00000000   Number         0  printf_stubs.o ABSOLUTE
    __ARM_exceptions_init                     - Undefined Weak Reference
    __alloca_initialize                       - Undefined Weak Reference
    __arm_preinit_                            - Undefined Weak Reference
    __cpp_initialize__aeabi_                  - Undefined Weak Reference
    __cxa_finalize                            - Undefined Weak Reference
    __sigvec_lookup                           - Undefined Weak Reference
    _atexit_init                              - Undefined Weak Reference
    _call_atexit_fns                          - Undefined Weak Reference
    _clock_init                               - Undefined Weak Reference
    _fp_trap_init                             - Undefined Weak Reference
    _fp_trap_shutdown                         - Undefined Weak Reference
    _get_lc_collate                           - Undefined Weak Reference
    _get_lc_monetary                          - Undefined Weak Reference
    _get_lc_numeric                           - Undefined Weak Reference
    _get_lc_time                              - Undefined Weak Reference
    _getenv_init                              - Undefined Weak Reference
    _handle_redirection                       - Undefined Weak Reference
    _init_alloc                               - Undefined Weak Reference
    _init_user_alloc                          - Undefined Weak Reference
    _initio                                   - Undefined Weak Reference
    _printf_mbtowc                            - Undefined Weak Reference
    _printf_truncate_signed                   - Undefined Weak Reference
    _printf_truncate_unsigned                 - Undefined Weak Reference
    _rand_init                                - Undefined Weak Reference
    _signal_finish                            - Undefined Weak Reference
    _signal_init                              - Undefined Weak Reference
    _terminate_alloc                          - Undefined Weak Reference
    _terminate_user_alloc                     - Undefined Weak Reference
    _terminateio                              - Undefined Weak Reference
    __main                                   0x000000e5   Thumb Code     8  __main.o(!!!main)
    __scatterload                            0x000000ed   Thumb Code     0  __scatter.o(!!!scatter)
    __scatterload_rt2                        0x000000ed   Thumb Code    44  __scatter.o(!!!scatter)
    __scatterload_rt2_thumb_only             0x000000ed   Thumb Code     0  __scatter.o(!!!scatter)
    __scatterload_null                       0x000000fb   Thumb Code     0  __scatter.o(!!!scatter)
    __decompress                             0x00000121   Thumb Code    90  __dczerorl2.o(!!dczerorl2)
    __decompress1                            0x00000121   Thumb Code     0  __dczerorl2.o(!!dczerorl2)
    __scatterload_zeroinit                   0x0000017d   Thumb Code    28  __scatter_zi.o(!!handler_zi)
    _printf_d                                0x00000199   Thumb Code     0  _printf_d.o(.ARM.Collect$$_printf_percent$$00000009)
    _printf_percent                          0x00000199   Thumb Code     0  _printf_percent.o(.ARM.Collect$$_printf_percent$$00000000)
    _printf_u                                0x0000019f   Thumb Code     0  _printf_u.o(.ARM.Collect$$_printf_percent$$0000000A)
    _printf_c                                0x000001a5   Thumb Code     0  _printf_c.o(.ARM.Collect$$_printf_percent$$00000013)
    _printf_s                                0x000001ab   Thumb Code     0  _printf_s.o(.ARM.Collect$$_printf_percent$$00000014)
    _printf_percent_end                      0x000001b1   Thumb Code     0  _printf_percent_end.o(.ARM.Collect$$_printf_percent$$00000017)
    __rt_lib_init                            0x000001b5   Thumb Code     0  libinit.o(.ARM.Collect$$libinit$$00000000)
    __rt_lib_init_fp_1                       0x000001b7   Thumb Code     0  libinit2.o(.ARM.Collect$$libinit$$00000002)
    __rt_lib_init_heap_1                     0x000001b7   Thumb Code     0  libinit2.o(.ARM.Collect$$libinit$$0000000A)
    __rt_lib_init_lc_common                  0x000001b7   Thumb Code     0  libinit2.o(.ARM.Collect$$libinit$$0000000F)
    __rt_lib_init_preinit_1                  0x000001b7   Thumb Code     0  libinit2.o(.ARM.Collect$$libinit$$00000004)
    __rt_lib_init_rand_1                     0x000001b7   Thumb Code     0  libinit2.o(.ARM.Collect$$libinit$$0000000E)
    __rt_lib_init_user_alloc_1               0x000001b7   Thumb Code     0  libinit2.o(.ARM.Collect$$libinit$$0000000C)
    __rt_lib_init_lc_collate_1               0x000001bd   Thumb Code     0  libinit2.o(.ARM.Collect$$libinit$$00000011)
    __rt_lib_init_lc_ctype_2                 0x000001bd   Thumb Code     0  libinit2.o(.ARM.Collect$$libinit$$00000012)
    __rt_lib_init_alloca_1                   0x000001c9   Thumb Code     0  libinit2.o(.ARM.Collect$$libinit$$0000002E)
    __rt_lib_init_argv_1                     0x000001c9   Thumb Code     0  libinit2.o(.ARM.Collect$$libinit$$0000002C)
    __rt_lib_init_atexit_1                   0x000001c9   Thumb Code     0  libinit2.o(.ARM.Collect$$libinit$$0000001B)
    __rt_lib_init_clock_1                    0x000001c9   Thumb Code     0  libinit2.o(.ARM.Collect$$libinit$$00000021)
    __rt_lib_init_cpp_1                      0x000001c9   Thumb Code     0  libinit2.o(.ARM.Collect$$libinit$$00000032)
    __rt_lib_init_exceptions_1               0x000001c9   Thumb Code     0  libinit2.o(.ARM.Collect$$libinit$$00000030)
    __rt_lib_init_fp_trap_1                  0x000001c9   Thumb Code     0  libinit2.o(.ARM.Collect$$libinit$$0000001F)
    __rt_lib_init_getenv_1                   0x000001c9   Thumb Code     0  libinit2.o(.ARM.Collect$$libinit$$00000023)
    __rt_lib_init_lc_ctype_1                 0x000001c9   Thumb Code     0  libinit2.o(.ARM.Collect$$libinit$$00000013)
    __rt_lib_init_lc_monetary_1              0x000001c9   Thumb Code     0  libinit2.o(.ARM.Collect$$libinit$$00000015)
    __rt_lib_init_lc_numeric_1               0x000001c9   Thumb Code     0  libinit2.o(.ARM.Collect$$libinit$$00000017)
    __rt_lib_init_lc_time_1                  0x000001c9   Thumb Code     0  libinit2.o(.ARM.Collect$$libinit$$00000019)
    __rt_lib_init_return                     0x000001c9   Thumb Code     0  libinit2.o(.ARM.Collect$$libinit$$00000033)
    __rt_lib_init_signal_1                   0x000001c9   Thumb Code     0  libinit2.o(.ARM.Collect$$libinit$$0000001D)
    __rt_lib_init_stdio_1                    0x000001c9   Thumb Code     0  libinit2.o(.ARM.Collect$$libinit$$00000025)
    __rt_lib_shutdown                        0x000001cb   Thumb Code     0  libshutdown.o(.ARM.Collect$$libshutdown$$00000000)
    __rt_lib_shutdown_cpp_1                  0x000001cd   Thumb Code     0  libshutdown2.o(.ARM.Collect$$libshutdown$$00000002)
    __rt_lib_shutdown_fp_trap_1              0x000001cd   Thumb Code     0  libshutdown2.o(.ARM.Collect$$libshutdown$$00000007)
    __rt_lib_shutdown_heap_1                 0x000001cd   Thumb Code     0  libshutdown2.o(.ARM.Collect$$libshutdown$$0000000F)
    __rt_lib_shutdown_return                 0x000001cd   Thumb Code     0  libshutdown2.o(.ARM.Collect$$libshutdown$$00000010)
    __rt_lib_shutdown_signal_1               0x000001cd   Thumb Code     0  libshutdown2.o(.ARM.Collect$$libshutdown$$0000000A)
    __rt_lib_shutdown_stdio_1                0x000001cd   Thumb Code     0  libshutdown2.o(.ARM.Collect$$libshutdown$$00000004)
    __rt_lib_shutdown_user_alloc_1           0x000001cd   Thumb Code     0  libshutdown2.o(.ARM.Collect$$libshutdown$$0000000C)
    __rt_entry                               0x000001cf   Thumb Code     0  __rtentry.o(.ARM.Collect$$rtentry$$00000000)
    __rt_entry_presh_1                       0x000001cf   Thumb Code     0  __rtentry2.o(.ARM.Collect$$rtentry$$00000002)
    __rt_entry_sh                            0x000001cf   Thumb Code     0  __rtentry4.o(.ARM.Collect$$rtentry$$00000004)
    __rt_entry_li                            0x000001d5   Thumb Code     0  __rtentry2.o(.ARM.Collect$$rtentry$$0000000A)
    __rt_entry_postsh_1                      0x000001d5   Thumb Code     0  __rtentry2.o(.ARM.Collect$$rtentry$$00000009)
    __rt_entry_main                          0x000001d9   Thumb Code     0  __rtentry2.o(.ARM.Collect$$rtentry$$0000000D)
    __rt_entry_postli_1                      0x000001d9   Thumb Code     0  __rtentry2.o(.ARM.Collect$$rtentry$$0000000C)
    __rt_exit                                0x000001e1   Thumb Code     0  rtexit.o(.ARM.Collect$$rtexit$$00000000)
    __rt_exit_ls                             0x000001e3   Thumb Code     0  rtexit2.o(.ARM.Collect$$rtexit$$00000003)
    __rt_exit_prels_1                        0x000001e3   Thumb Code     0  rtexit2.o(.ARM.Collect$$rtexit$$00000002)
    __rt_exit_exit                           0x000001e7   Thumb Code     0  rtexit2.o(.ARM.Collect$$rtexit$$00000004)
    Reset_Handler                            0x000001ed   Thumb Code     8  startup_lpc177x_8x.o(.text)
    NMI_Handler                              0x000001f5   Thumb Code     2  startup_lpc177x_8x.o(.text)
    HardFault_Handler                        0x000001f7   Thumb Code     2  startup_lpc177x_8x.o(.text)
    MemManage_Handler                        0x000001f9   Thumb Code     2  startup_lpc177x_8x.o(.text)
    BusFault_Handler                         0x000001fb   Thumb Code     2  startup_lpc177x_8x.o(.text)
    UsageFault_Handler                       0x000001fd   Thumb Code     2  startup_lpc177x_8x.o(.text)
    SVC_Handler                              0x000001ff   Thumb Code     2  startup_lpc177x_8x.o(.text)
    DebugMon_Handler                         0x00000201   Thumb Code     2  startup_lpc177x_8x.o(.text)
    PendSV_Handler                           0x00000203   Thumb Code     2  startup_lpc177x_8x.o(.text)
    SysTick_Handler                          0x00000205   Thumb Code     2  startup_lpc177x_8x.o(.text)
    BOD_IRQHandler                           0x00000207   Thumb Code     0  startup_lpc177x_8x.o(.text)
    CANActivity_IRQHandler                   0x00000207   Thumb Code     0  startup_lpc177x_8x.o(.text)
    CAN_IRQHandler                           0x00000207   Thumb Code     0  startup_lpc177x_8x.o(.text)
    DMA_IRQHandler                           0x00000207   Thumb Code     0  startup_lpc177x_8x.o(.text)
    EEPROM_IRQHandler                        0x00000207   Thumb Code     0  startup_lpc177x_8x.o(.text)
    EINT0_IRQHandler                         0x00000207   Thumb Code     0  startup_lpc177x_8x.o(.text)
    EINT1_IRQHandler                         0x00000207   Thumb Code     0  startup_lpc177x_8x.o(.text)
    EINT2_IRQHandler                         0x00000207   Thumb Code     0  startup_lpc177x_8x.o(.text)
    EINT3_IRQHandler                         0x00000207   Thumb Code     0  startup_lpc177x_8x.o(.text)
    ENET_IRQHandler                          0x00000207   Thumb Code     0  startup_lpc177x_8x.o(.text)
    I2C0_IRQHandler                          0x00000207   Thumb Code     0  startup_lpc177x_8x.o(.text)
    I2C1_IRQHandler                          0x00000207   Thumb Code     0  startup_lpc177x_8x.o(.text)
    I2C2_IRQHandler                          0x00000207   Thumb Code     0  startup_lpc177x_8x.o(.text)
    I2S_IRQHandler                           0x00000207   Thumb Code     0  startup_lpc177x_8x.o(.text)
    LCD_IRQHandler                           0x00000207   Thumb Code     0  startup_lpc177x_8x.o(.text)
    MCI_IRQHandler                           0x00000207   Thumb Code     0  startup_lpc177x_8x.o(.text)
    MCPWM_IRQHandler                         0x00000207   Thumb Code     0  startup_lpc177x_8x.o(.text)
    PLL0_IRQHandler                          0x00000207   Thumb Code     0  startup_lpc177x_8x.o(.text)
    PLL1_IRQHandler                          0x00000207   Thumb Code     0  startup_lpc177x_8x.o(.text)
    PWM0_IRQHandler                          0x00000207   Thumb Code     0  startup_lpc177x_8x.o(.text)
    PWM1_IRQHandler                          0x00000207   Thumb Code     0  startup_lpc177x_8x.o(.text)
    QEI_IRQHandler                           0x00000207   Thumb Code     0  startup_lpc177x_8x.o(.text)
    RTC_IRQHandler                           0x00000207   Thumb Code     0  startup_lpc177x_8x.o(.text)
    SPIFI_IRQHandler                         0x00000207   Thumb Code     0  startup_lpc177x_8x.o(.text)
    SSP0_IRQHandler                          0x00000207   Thumb Code     0  startup_lpc177x_8x.o(.text)
    SSP1_IRQHandler                          0x00000207   Thumb Code     0  startup_lpc177x_8x.o(.text)
    SSP2_IRQHandler                          0x00000207   Thumb Code     0  startup_lpc177x_8x.o(.text)
    TIMER2_IRQHandler                        0x00000207   Thumb Code     0  startup_lpc177x_8x.o(.text)
    TIMER3_IRQHandler                        0x00000207   Thumb Code     0  startup_lpc177x_8x.o(.text)
    USBActivity_IRQHandler                   0x00000207   Thumb Code     0  startup_lpc177x_8x.o(.text)
    USB_IRQHandler                           0x00000207   Thumb Code     0  startup_lpc177x_8x.o(.text)
    WDT_IRQHandler                           0x00000207   Thumb Code     0  startup_lpc177x_8x.o(.text)
    __user_initial_stackheap                 0x00000209   Thumb Code     0  startup_lpc177x_8x.o(.text)
    initRetargetDebugSystem                  0x0000022d   Thumb Code    28  retarget.o(.text)
    fputc                                    0x00000249   Thumb Code    16  retarget.o(.text)
    fgetc                                    0x00000259   Thumb Code    18  retarget.o(.text)
    ferror                                   0x0000026b   Thumb Code     8  retarget.o(.text)
    _ttywrch                                 0x00000273   Thumb Code    14  retarget.o(.text)
    _sys_exit                                0x00000281   Thumb Code     4  retarget.o(.text)
    TIMER0_IRQHandler                        0x00000285   Thumb Code    16  timer_software_init.o(.text)
    TIMER_SOFTWARE_init_system               0x00000295   Thumb Code    70  timer_software_init.o(.text)
    __I$use$semihosting                      0x000002e5   Thumb Code     0  use_no_semi.o(.text)
    __use_no_semihosting_swi                 0x000002e5   Thumb Code     2  use_no_semi.o(.text)
    __use_two_region_memory                  0x000002e7   Thumb Code     2  heapauxi.o(.text)
    __rt_heap_escrow$2region                 0x000002e9   Thumb Code     2  heapauxi.o(.text)
    __rt_heap_expand$2region                 0x000002eb   Thumb Code     2  heapauxi.o(.text)
    __aeabi_errno_addr                       0x000002ed   Thumb Code     8  rt_errno_addr_intlibspace.o(.text)
    __errno$intlibspace                      0x000002ed   Thumb Code     0  rt_errno_addr_intlibspace.o(.text)
    __rt_errno_addr$intlibspace              0x000002ed   Thumb Code     0  rt_errno_addr_intlibspace.o(.text)
    __user_libspace                          0x000002f5   Thumb Code     8  libspace.o(.text)
    __user_perproc_libspace                  0x000002f5   Thumb Code     0  libspace.o(.text)
    __user_perthread_libspace                0x000002f5   Thumb Code     0  libspace.o(.text)
    SendCommand                              0x00000301   Thumb Code    36  main.o(.text)
    GetCommandResponse                       0x00000325   Thumb Code    66  main.o(.text)
    ExecuteCommand                           0x00000367   Thumb Code    20  main.o(.text)
    CommandResponseValid                     0x0000037b   Thumb Code    30  main.o(.text)
    ExtractData                              0x00000399   Thumb Code    18  main.o(.text)
    ConvertAsuToDbmw                         0x000003ab   Thumb Code     8  main.o(.text)
    TouchScreenCallBack                      0x000003b3   Thumb Code    16  main.o(.text)
    BoardInit                                0x000003c3   Thumb Code    44  main.o(.text)
    callback                                 0x000003ef   Thumb Code    82  main.o(.text)
    blinkInSqeuence                          0x00000441   Thumb Code    30  main.o(.text)
    main                                     0x0000045f   Thumb Code   258  main.o(.text)
    SystemCoreClockUpdate                    0x000005e1   Thumb Code   796  system_lpc177x_8x.o(.text)
    SystemInit                               0x000008fd   Thumb Code   244  system_lpc177x_8x.o(.text)
    parser_error                             0x000009f1   Thumb Code    26  parser.o(.text)
    data_push_char                           0x00000a0b   Thumb Code    56  parser.o(.text)
    data_push_line                           0x00000a43   Thumb Code    58  parser.o(.text)
    parse_char_                              0x00000a7d   Thumb Code   514  parser.o(.text)
    parse_char                               0x00000c7f   Thumb Code    28  parser.o(.text)
    print_data                               0x00000c9b   Thumb Code    62  parser.o(.text)
    get_data                                 0x00000cd9   Thumb Code    12  parser.o(.text)
    DRV_SDRAM_PERIOD                         0x00000db1   Thumb Code    36  drv_sdram.o(.text)
    DRV_SDRAM_P2C                            0x00000dd5   Thumb Code    60  drv_sdram.o(.text)
    DRV_SDRAM_InitPins                       0x00000e11   Thumb Code   510  drv_sdram.o(.text)
    DRV_SDRAM_Init                           0x0000100f   Thumb Code     8  drv_sdram.o(.text)
    DRV_LCD_Init                             0x00001041   Thumb Code   434  drv_lcd.o(.text)
    DRV_LCD_PowerOn                          0x000011f3   Thumb Code    46  drv_lcd.o(.text)
    DRV_LCD_PowerOff                         0x00001221   Thumb Code    46  drv_lcd.o(.text)
    DRV_LCD_TestFillColor                    0x0000124f   Thumb Code    32  drv_lcd.o(.text)
    DRV_LCD_PutPixel                         0x0000126f   Thumb Code    50  drv_lcd.o(.text)
    DRV_LCD_ClrScr                           0x000012a1   Thumb Code    44  drv_lcd.o(.text)
    DRV_LCD_DrawChar_Big                     0x000012cd   Thumb Code   286  drv_lcd.o(.text)
    DRV_LCD_DrawChar_Small                   0x000013eb   Thumb Code   338  drv_lcd.o(.text)
    DRV_LCD_DisplayCharSmall                 0x0000153d   Thumb Code    42  drv_lcd.o(.text)
    DRV_LCD_DisplayChar                      0x00001567   Thumb Code    46  drv_lcd.o(.text)
    DRV_LCD_Puts_Small                       0x00001595   Thumb Code    58  drv_lcd.o(.text)
    DRV_LCD_Puts_Big                         0x000015cf   Thumb Code    58  drv_lcd.o(.text)
    DRV_LCD_Puts                             0x00001609   Thumb Code    52  drv_lcd.o(.text)
    DRV_UART_GeneralIRQHandler               0x00001645   Thumb Code   698  drv_uart.o(.text)
    UART0_IRQHandler                         0x000018ff   Thumb Code    10  drv_uart.o(.text)
    UART1_IRQHandler                         0x00001909   Thumb Code    10  drv_uart.o(.text)
    UART2_IRQHandler                         0x00001913   Thumb Code    10  drv_uart.o(.text)
    UART3_IRQHandler                         0x0000191d   Thumb Code    10  drv_uart.o(.text)
    UART4_IRQHandler                         0x00001927   Thumb Code    10  drv_uart.o(.text)
    DRV_UART_SetTimeout                      0x00001931   Thumb Code   148  drv_uart.o(.text)
    DRV_UART_GetTimeout                      0x000019c5   Thumb Code    40  drv_uart.o(.text)
    DRV_UART_Configure                       0x000019ed   Thumb Code  1194  drv_uart.o(.text)
    DRV_UART_SendCharBlocking                0x00001e97   Thumb Code   314  drv_uart.o(.text)
    DRV_UART_SendBufferBlocking              0x00001fd1   Thumb Code    78  drv_uart.o(.text)
    DRV_UART_GetCharBlocking                 0x0000201f   Thumb Code   218  drv_uart.o(.text)
    DRV_UART_PrivateSendByte                 0x000020f9   Thumb Code   290  drv_uart.o(.text)
    DRV_UART_BytesAvailable                  0x0000221b   Thumb Code   110  drv_uart.o(.text)
    DRV_UART_ReadByte                        0x00002289   Thumb Code   300  drv_uart.o(.text)
    DRV_UART_SendByte                        0x000023b5   Thumb Code   222  drv_uart.o(.text)
    DRV_UART_GetErrno                        0x00002493   Thumb Code    44  drv_uart.o(.text)
    DRV_UART_Read                            0x000024bf   Thumb Code   422  drv_uart.o(.text)
    DRV_UART_Write                           0x00002665   Thumb Code   356  drv_uart.o(.text)
    DRV_UART_Process                         0x000027c9   Thumb Code   134  drv_uart.o(.text)
    DRV_UART_SetRxCallback                   0x0000284f   Thumb Code    30  drv_uart.o(.text)
    DRV_UART_SetTxCallback                   0x0000286d   Thumb Code    30  drv_uart.o(.text)
    DRV_UART_SetRxTriggerFunction            0x0000288b   Thumb Code    30  drv_uart.o(.text)
    DRV_UART_FlushRX                         0x000028a9   Thumb Code    28  drv_uart.o(.text)
    DRV_UART_FlushTX                         0x000028c5   Thumb Code    28  drv_uart.o(.text)
    DRV_GENERAL_GetFirstDigit                0x000028e5   Thumb Code    40  drv_general.o(.text)
    DRV_GENERAL_CalculateBaudrateDLD         0x0000290d   Thumb Code   214  drv_general.o(.text)
    DRV_GENERAL_CalculateBaudrateDivMul      0x000029e3   Thumb Code    66  drv_general.o(.text)
    DRV_TOUCHSCREEN_Init                     0x00002a25   Thumb Code   400  drv_touchscreen.o(.text)
    TIMER1_IRQHandler                        0x00002bb5   Thumb Code   248  drv_touchscreen.o(.text)
    GPIO_IRQHandler                          0x00002cad   Thumb Code   116  drv_touchscreen.o(.text)
    ADC_IRQHandler                           0x00002d21   Thumb Code   626  drv_touchscreen.o(.text)
    TouchGet                                 0x00002f93   Thumb Code   110  drv_touchscreen.o(.text)
    DRV_TOUCHSCREEN_SetTouchCallback         0x00003001   Thumb Code    10  drv_touchscreen.o(.text)
    DRV_TOUCHSCREEN_Process                  0x0000300b   Thumb Code    28  drv_touchscreen.o(.text)
    DRV_LED_Off                              0x00003061   Thumb Code    40  drv_led.o(.text)
    DRV_LED_Init                             0x00003089   Thumb Code    82  drv_led.o(.text)
    DRV_LED_On                               0x000030db   Thumb Code    40  drv_led.o(.text)
    DRV_LED_Toggle                           0x00003103   Thumb Code    42  drv_led.o(.text)
    RingBufFull                              0x00003153   Thumb Code    32  ringbuf.o(.text)
    RingBufEmpty                             0x00003173   Thumb Code    18  ringbuf.o(.text)
    RingBufFlush                             0x00003185   Thumb Code     6  ringbuf.o(.text)
    RingBufUsed                              0x0000318b   Thumb Code    24  ringbuf.o(.text)
    RingBufFree                              0x000031a3   Thumb Code    18  ringbuf.o(.text)
    RingBufContigUsed                        0x000031b5   Thumb Code    20  ringbuf.o(.text)
    RingBufContigFree                        0x000031c9   Thumb Code    34  ringbuf.o(.text)
    RingBufSize                              0x000031eb   Thumb Code     6  ringbuf.o(.text)
    RingBufReadOne                           0x000031f1   Thumb Code    26  ringbuf.o(.text)
    RingBufRead                              0x0000320b   Thumb Code    32  ringbuf.o(.text)
    RingBufAdvanceRead                       0x0000322b   Thumb Code    40  ringbuf.o(.text)
    RingBufAdvanceWrite                      0x00003253   Thumb Code    64  ringbuf.o(.text)
    RingBufWriteOne                          0x00003293   Thumb Code    24  ringbuf.o(.text)
    RingBufWrite                             0x000032ab   Thumb Code    32  ringbuf.o(.text)
    RingBufInit                              0x000032cb   Thumb Code    12  ringbuf.o(.text)
    TIMER_SOFTWARE_ModX                      0x000032d9   Thumb Code   568  timer_software.o(.text)
    TIMER_SOFTWARE_request_timer             0x00003511   Thumb Code   142  timer_software.o(.text)
    TIMER_SOFTWARE_init                      0x0000359f   Thumb Code   102  timer_software.o(.text)
    TIMER_SOFTWARE_release_timer             0x00003605   Thumb Code    82  timer_software.o(.text)
    TIMER_SOFTWARE_configure_timer           0x00003657   Thumb Code   442  timer_software.o(.text)
    TIMER_SOFTWARE_enable_timer              0x00003811   Thumb Code    86  timer_software.o(.text)
    TIMER_SOFTWARE_disable_timer             0x00003867   Thumb Code    62  timer_software.o(.text)
    TIMER_SOFTWARE_start_timer               0x000038a5   Thumb Code    96  timer_software.o(.text)
    TIMER_SOFTWARE_stop_timer                0x00003905   Thumb Code    66  timer_software.o(.text)
    TIMER_SOFTWARE_set_callback              0x00003947   Thumb Code    50  timer_software.o(.text)
    TIMER_SOFTWARE_Wait                      0x00003979   Thumb Code   198  timer_software.o(.text)
    TIMER_SOFTWARE_reset_timer               0x00003a3f   Thumb Code    16  timer_software.o(.text)
    TIMER_SOFTWARE_interrupt_pending         0x00003a4f   Thumb Code    20  timer_software.o(.text)
    TIMER_SOFTWARE_clear_interrupt           0x00003a63   Thumb Code    30  timer_software.o(.text)
    __aeabi_uldivmod                         0x00003a89   Thumb Code     0  lludivv7m.o(.text)
    _ll_udiv                                 0x00003a89   Thumb Code   238  lludivv7m.o(.text)
    __2printf                                0x00003b79   Thumb Code    20  noretval__2printf.o(.text)
    _printf_pre_padding                      0x00003b91   Thumb Code    44  _printf_pad.o(.text)
    _printf_post_padding                     0x00003bbd   Thumb Code    34  _printf_pad.o(.text)
    _printf_str                              0x00003bdf   Thumb Code    82  _printf_str.o(.text)
    _printf_int_dec                          0x00003c31   Thumb Code   104  _printf_dec.o(.text)
    __printf                                 0x00003ca9   Thumb Code   308  __printf_flags_wp.o(.text)
    atoi                                     0x00003de1   Thumb Code    26  atoi.o(.text)
    __aeabi_assert                           0x00003dfd   Thumb Code    86  assert.o(.text)
    __assert                                 0x00003dfd   Thumb Code     0  assert.o(.text)
    strlen                                   0x00003e7d   Thumb Code    62  strlen.o(.text)
    __aeabi_memcpy4                          0x00003ebb   Thumb Code     0  rt_memcpy_w.o(.text)
    __aeabi_memcpy8                          0x00003ebb   Thumb Code     0  rt_memcpy_w.o(.text)
    __rt_memcpy_w                            0x00003ebb   Thumb Code   100  rt_memcpy_w.o(.text)
    _memcpy_lastbytes_aligned                0x00003f03   Thumb Code     0  rt_memcpy_w.o(.text)
    _printf_int_common                       0x00003f1f   Thumb Code   178  _printf_intcommon.o(.text)
    _printf_cs_common                        0x00003fd1   Thumb Code    20  _printf_char.o(.text)
    _printf_char                             0x00003fe5   Thumb Code    16  _printf_char.o(.text)
    _printf_string                           0x00003ff5   Thumb Code     8  _printf_char.o(.text)
    _printf_char_file                        0x00003ffd   Thumb Code    32  _printf_char_file.o(.text)
    strtol                                   0x00004021   Thumb Code   112  strtol.o(.text)
    abort                                    0x00004091   Thumb Code    22  abort.o(.text)
    __assert_puts                            0x000040a7   Thumb Code    20  assert_puts.o(.text)
    __rt_ctype_table                         0x000040bd   Thumb Code    16  rt_ctype_table.o(.text)
    _printf_char_common                      0x000040d7   Thumb Code    32  _printf_char_common.o(.text)
    _strtoul                                 0x000040fd   Thumb Code   158  _strtoul.o(.text)
    __rt_SIGABRT                             0x0000419b   Thumb Code    14  defsig_abrt_outer.o(.text)
    __user_setup_stackheap                   0x000041a9   Thumb Code    74  sys_stackheap_outer.o(.text)
    __rt_locale                              0x000041f5   Thumb Code     8  rt_locale_intlibspace.o(.text)
    _chval                                   0x000041fd   Thumb Code    28  _chval.o(.text)
    exit                                     0x00004219   Thumb Code    18  exit.o(.text)
    __sig_exit                               0x0000422b   Thumb Code    10  defsig_exit.o(.text)
    __rt_SIGABRT_inner                       0x00004235   Thumb Code    14  defsig_abrt_inner.o(.text)
    __default_signal_display                 0x00004265   Thumb Code    50  defsig_general.o(.text)
    strcmp                                   0x00004299   Thumb Code   128  strcmpv7m.o(.text)
    _is_digit                                0x00004319   Thumb Code    14  __printf_wp.o(i._is_digit)
    _get_lc_ctype                            0x00004329   Thumb Code    44  lc_ctype_c.o(locale$$code)
    __aeabi_d2f                              0x00004355   Thumb Code     0  d2f.o(x$fpl$d2f)
    _d2f                                     0x00004355   Thumb Code    98  d2f.o(x$fpl$d2f)
    __aeabi_ddiv                             0x000043b9   Thumb Code     0  ddiv.o(x$fpl$ddiv)
    _ddiv                                    0x000043b9   Thumb Code   552  ddiv.o(x$fpl$ddiv)
    __aeabi_ui2d                             0x00004669   Thumb Code     0  dflt_clz.o(x$fpl$dfltu)
    _dfltu                                   0x00004669   Thumb Code    38  dflt_clz.o(x$fpl$dfltu)
    __fpl_dnaninf                            0x0000468f   Thumb Code   156  dnaninf.o(x$fpl$dnaninf)
    __fpl_dretinf                            0x0000472b   Thumb Code    12  dretinf.o(x$fpl$dretinf)
    __fpl_fcmp_Inf                           0x00004737   Thumb Code    24  fcmpi.o(x$fpl$fcmpinf)
    __aeabi_fdiv                             0x00004751   Thumb Code     0  fdiv.o(x$fpl$fdiv)
    _fdiv                                    0x00004751   Thumb Code   384  fdiv.o(x$fpl$fdiv)
    __aeabi_f2uiz                            0x000048d5   Thumb Code     0  ffixu.o(x$fpl$ffixu)
    _ffixu                                   0x000048d5   Thumb Code    62  ffixu.o(x$fpl$ffixu)
    __aeabi_ui2f                             0x00004915   Thumb Code     0  fflt_clz.o(x$fpl$ffltu)
    _ffltu                                   0x00004915   Thumb Code    38  fflt_clz.o(x$fpl$ffltu)
    __aeabi_cfcmple                          0x0000493d   Thumb Code     0  fleqf.o(x$fpl$fleqf)
    _fcmple                                  0x0000493d   Thumb Code   104  fleqf.o(x$fpl$fleqf)
    __fpl_fcmple_InfNaN                      0x0000498f   Thumb Code     0  fleqf.o(x$fpl$fleqf)
    __fpl_fnaninf                            0x000049a5   Thumb Code   140  fnaninf.o(x$fpl$fnaninf)
    __fpl_fretinf                            0x00004a31   Thumb Code    10  fretinf.o(x$fpl$fretinf)
    __I$use$fp                               0x00004a3a   Number         0  usenofp.o(x$fpl$usenofp)
    GL_ASCII16x24_Table                      0x00007ca8   Data        4560  gl_fonts.o(.constdata)
    GL_ASCII12x12_Table                      0x00008e78   Data        2304  gl_fonts.o(.constdata)
    GL_ASCII8x12_Table                       0x00009778   Data        2304  gl_fonts.o(.constdata)
    GL_ASCII8x8_Table                        0x0000a078   Data        1536  gl_fonts.o(.constdata)
    GL_ASCII8x12_bold_Table                  0x0000a678   Data        5376  gl_fonts.o(.constdata)
    Region$$Table$$Base                      0x0000bb98   Number         0  anon$$obj.o(Region$$Table)
    Region$$Table$$Limit                     0x0000bbb8   Number         0  anon$$obj.o(Region$$Table)
    __ctype                                  0x0000bbc5   Data           0  lc_ctype_c.o(locale$$data)
    handler1                                 0x10000000   Data           2  main.o(.data)
    handler2                                 0x10000002   Data           2  main.o(.data)
    leds                                     0x10000004   Data           4  main.o(.data)
    led                                      0x10000008   Data           2  main.o(.data)
    com                                      0x1000000c   Data           4  main.o(.data)
    SystemCoreClock                          0x10000010   Data           4  system_lpc177x_8x.o(.data)
    PeripheralClock                          0x10000014   Data           4  system_lpc177x_8x.o(.data)
    EMCClock                                 0x10000018   Data           4  system_lpc177x_8x.o(.data)
    USBClock                                 0x1000001c   Data           4  system_lpc177x_8x.o(.data)
    __stdout                                 0x10000020   Data           4  retarget.o(.data)
    __stdin                                  0x10000024   Data           4  retarget.o(.data)
    current_col                              0x10000028   Data           1  parser.o(.data)
    uartMaps                                 0x1000002c   Data         260  drv_uart.o(.data)
    touchResultData                          0x10000140   Data           4  drv_touchscreen.o(.data)
    currentTouchScreenCallback               0x10000144   Data           4  drv_touchscreen.o(.data)
    GL_Font16x24                             0x10000148   Data           8  gl_fonts.o(.data)
    GL_Font12x12                             0x10000150   Data           8  gl_fonts.o(.data)
    GL_Font8x12                              0x10000158   Data           8  gl_fonts.o(.data)
    GL_Font8x12_bold                         0x10000160   Data           8  gl_fonts.o(.data)
    GL_Font8x8                               0x10000168   Data           8  gl_fonts.o(.data)
    LedMap                                   0x10000170   Data          15  drv_led.o(.data)
    wait_timer                               0x10000180   Data           2  timer_software.o(.data)
    data                                     0x10000184   Data       12908  parser.o(.bss)
    timers                                   0x10004890   Data         320  timer_software.o(.bss)
    __libspace_start                         0x100049d0   Data          96  libspace.o(.bss)
    __temporary_stack_top$libspace           0x10004a30   Data           0  libspace.o(.bss)
    LCD_Frame_Buffer                         0xa0000000   Data       522240  drv_lcd.o(.bss)



==============================================================================

Memory Map of the image

  Image Entry point : 0x000000e5

  Load Region LR_IROM1 (Base: 0x00000000, Size: 0x0000be4c, Max: 0x00080000, ABSOLUTE, COMPRESSED[0x0000bd58])

    Execution Region ER_IROM1 (Exec base: 0x00000000, Load base: 0x00000000, Size: 0x0000bcc8, Max: 0x00080000, ABSOLUTE)

    Exec Addr    Load Addr    Size         Type   Attr      Idx    E Section Name        Object

    0x00000000   0x00000000   0x000000e4   Data   RO          130    RESET               startup_lpc177x_8x.o
    0x000000e4   0x000000e4   0x00000008   Code   RO          562  * !!!main             c_w.l(__main.o)
    0x000000ec   0x000000ec   0x00000034   Code   RO          806    !!!scatter          c_w.l(__scatter.o)
    0x00000120   0x00000120   0x0000005a   Code   RO          804    !!dczerorl2         c_w.l(__dczerorl2.o)
    0x0000017a   0x0000017a   0x00000002   PAD
    0x0000017c   0x0000017c   0x0000001c   Code   RO          808    !!handler_zi        c_w.l(__scatter_zi.o)
    0x00000198   0x00000198   0x00000000   Code   RO          551    .ARM.Collect$$_printf_percent$$00000000  c_w.l(_printf_percent.o)
    0x00000198   0x00000198   0x00000006   Code   RO          549    .ARM.Collect$$_printf_percent$$00000009  c_w.l(_printf_d.o)
    0x0000019e   0x0000019e   0x00000006   Code   RO          550    .ARM.Collect$$_printf_percent$$0000000A  c_w.l(_printf_u.o)
    0x000001a4   0x000001a4   0x00000006   Code   RO          546    .ARM.Collect$$_printf_percent$$00000013  c_w.l(_printf_c.o)
    0x000001aa   0x000001aa   0x00000006   Code   RO          547    .ARM.Collect$$_printf_percent$$00000014  c_w.l(_printf_s.o)
    0x000001b0   0x000001b0   0x00000004   Code   RO          608    .ARM.Collect$$_printf_percent$$00000017  c_w.l(_printf_percent_end.o)
    0x000001b4   0x000001b4   0x00000002   Code   RO          687    .ARM.Collect$$libinit$$00000000  c_w.l(libinit.o)
    0x000001b6   0x000001b6   0x00000000   Code   RO          699    .ARM.Collect$$libinit$$00000002  c_w.l(libinit2.o)
    0x000001b6   0x000001b6   0x00000000   Code   RO          701    .ARM.Collect$$libinit$$00000004  c_w.l(libinit2.o)
    0x000001b6   0x000001b6   0x00000000   Code   RO          704    .ARM.Collect$$libinit$$0000000A  c_w.l(libinit2.o)
    0x000001b6   0x000001b6   0x00000000   Code   RO          706    .ARM.Collect$$libinit$$0000000C  c_w.l(libinit2.o)
    0x000001b6   0x000001b6   0x00000000   Code   RO          708    .ARM.Collect$$libinit$$0000000E  c_w.l(libinit2.o)
    0x000001b6   0x000001b6   0x00000006   Code   RO          709    .ARM.Collect$$libinit$$0000000F  c_w.l(libinit2.o)
    0x000001bc   0x000001bc   0x00000000   Code   RO          711    .ARM.Collect$$libinit$$00000011  c_w.l(libinit2.o)
    0x000001bc   0x000001bc   0x0000000c   Code   RO          712    .ARM.Collect$$libinit$$00000012  c_w.l(libinit2.o)
    0x000001c8   0x000001c8   0x00000000   Code   RO          713    .ARM.Collect$$libinit$$00000013  c_w.l(libinit2.o)
    0x000001c8   0x000001c8   0x00000000   Code   RO          715    .ARM.Collect$$libinit$$00000015  c_w.l(libinit2.o)
    0x000001c8   0x000001c8   0x00000000   Code   RO          717    .ARM.Collect$$libinit$$00000017  c_w.l(libinit2.o)
    0x000001c8   0x000001c8   0x00000000   Code   RO          719    .ARM.Collect$$libinit$$00000019  c_w.l(libinit2.o)
    0x000001c8   0x000001c8   0x00000000   Code   RO          721    .ARM.Collect$$libinit$$0000001B  c_w.l(libinit2.o)
    0x000001c8   0x000001c8   0x00000000   Code   RO          723    .ARM.Collect$$libinit$$0000001D  c_w.l(libinit2.o)
    0x000001c8   0x000001c8   0x00000000   Code   RO          725    .ARM.Collect$$libinit$$0000001F  c_w.l(libinit2.o)
    0x000001c8   0x000001c8   0x00000000   Code   RO          727    .ARM.Collect$$libinit$$00000021  c_w.l(libinit2.o)
    0x000001c8   0x000001c8   0x00000000   Code   RO          729    .ARM.Collect$$libinit$$00000023  c_w.l(libinit2.o)
    0x000001c8   0x000001c8   0x00000000   Code   RO          731    .ARM.Collect$$libinit$$00000025  c_w.l(libinit2.o)
    0x000001c8   0x000001c8   0x00000000   Code   RO          735    .ARM.Collect$$libinit$$0000002C  c_w.l(libinit2.o)
    0x000001c8   0x000001c8   0x00000000   Code   RO          737    .ARM.Collect$$libinit$$0000002E  c_w.l(libinit2.o)
    0x000001c8   0x000001c8   0x00000000   Code   RO          739    .ARM.Collect$$libinit$$00000030  c_w.l(libinit2.o)
    0x000001c8   0x000001c8   0x00000000   Code   RO          741    .ARM.Collect$$libinit$$00000032  c_w.l(libinit2.o)
    0x000001c8   0x000001c8   0x00000002   Code   RO          742    .ARM.Collect$$libinit$$00000033  c_w.l(libinit2.o)
    0x000001ca   0x000001ca   0x00000002   Code   RO          776    .ARM.Collect$$libshutdown$$00000000  c_w.l(libshutdown.o)
    0x000001cc   0x000001cc   0x00000000   Code   RO          786    .ARM.Collect$$libshutdown$$00000002  c_w.l(libshutdown2.o)
    0x000001cc   0x000001cc   0x00000000   Code   RO          788    .ARM.Collect$$libshutdown$$00000004  c_w.l(libshutdown2.o)
    0x000001cc   0x000001cc   0x00000000   Code   RO          791    .ARM.Collect$$libshutdown$$00000007  c_w.l(libshutdown2.o)
    0x000001cc   0x000001cc   0x00000000   Code   RO          794    .ARM.Collect$$libshutdown$$0000000A  c_w.l(libshutdown2.o)
    0x000001cc   0x000001cc   0x00000000   Code   RO          796    .ARM.Collect$$libshutdown$$0000000C  c_w.l(libshutdown2.o)
    0x000001cc   0x000001cc   0x00000000   Code   RO          799    .ARM.Collect$$libshutdown$$0000000F  c_w.l(libshutdown2.o)
    0x000001cc   0x000001cc   0x00000002   Code   RO          800    .ARM.Collect$$libshutdown$$00000010  c_w.l(libshutdown2.o)
    0x000001ce   0x000001ce   0x00000000   Code   RO          592    .ARM.Collect$$rtentry$$00000000  c_w.l(__rtentry.o)
    0x000001ce   0x000001ce   0x00000000   Code   RO          630    .ARM.Collect$$rtentry$$00000002  c_w.l(__rtentry2.o)
    0x000001ce   0x000001ce   0x00000006   Code   RO          642    .ARM.Collect$$rtentry$$00000004  c_w.l(__rtentry4.o)
    0x000001d4   0x000001d4   0x00000000   Code   RO          632    .ARM.Collect$$rtentry$$00000009  c_w.l(__rtentry2.o)
    0x000001d4   0x000001d4   0x00000004   Code   RO          633    .ARM.Collect$$rtentry$$0000000A  c_w.l(__rtentry2.o)
    0x000001d8   0x000001d8   0x00000000   Code   RO          635    .ARM.Collect$$rtentry$$0000000C  c_w.l(__rtentry2.o)
    0x000001d8   0x000001d8   0x00000008   Code   RO          636    .ARM.Collect$$rtentry$$0000000D  c_w.l(__rtentry2.o)
    0x000001e0   0x000001e0   0x00000002   Code   RO          688    .ARM.Collect$$rtexit$$00000000  c_w.l(rtexit.o)
    0x000001e2   0x000001e2   0x00000000   Code   RO          744    .ARM.Collect$$rtexit$$00000002  c_w.l(rtexit2.o)
    0x000001e2   0x000001e2   0x00000004   Code   RO          745    .ARM.Collect$$rtexit$$00000003  c_w.l(rtexit2.o)
    0x000001e6   0x000001e6   0x00000006   Code   RO          746    .ARM.Collect$$rtexit$$00000004  c_w.l(rtexit2.o)
    0x000001ec   0x000001ec   0x00000040   Code   RO          132    .text               startup_lpc177x_8x.o
    0x0000022c   0x0000022c   0x00000058   Code   RO          138    .text               retarget.o
    0x00000284   0x00000284   0x00000060   Code   RO          466    .text               timer_software_init.o
    0x000002e4   0x000002e4   0x00000002   Code   RO          489    .text               c_w.l(use_no_semi.o)
    0x000002e6   0x000002e6   0x00000006   Code   RO          560    .text               c_w.l(heapauxi.o)
    0x000002ec   0x000002ec   0x00000008   Code   RO          600    .text               c_w.l(rt_errno_addr_intlibspace.o)
    0x000002f4   0x000002f4   0x00000008   Code   RO          626    .text               c_w.l(libspace.o)
    0x000002fc   0x000002fc   0x00000004   Code   RO          131    .ARM.__at_0x02FC    startup_lpc177x_8x.o
    0x00000300   0x00000300   0x000002e0   Code   RO            3    .text               main.o
    0x000005e0   0x000005e0   0x00000410   Code   RO           98    .text               system_lpc177x_8x.o
    0x000009f0   0x000009f0   0x000003c0   Code   RO          178    .text               parser.o
    0x00000db0   0x00000db0   0x00000290   Code   RO          207    .text               drv_sdram.o
    0x00001040   0x00001040   0x00000604   Code   RO          230    .text               drv_lcd.o
    0x00001644   0x00001644   0x000012a0   Code   RO          263    .text               drv_uart.o
    0x000028e4   0x000028e4   0x00000140   Code   RO          290    .text               drv_general.o
    0x00002a24   0x00002a24   0x0000063c   Code   RO          310    .text               drv_touchscreen.o
    0x00003060   0x00003060   0x000000dc   Code   RO          353    .text               drv_led.o
    0x0000313c   0x0000313c   0x0000019a   Code   RO          433    .text               ringbuf.o
    0x000032d6   0x000032d6   0x00000002   PAD
    0x000032d8   0x000032d8   0x000007b0   Code   RO          445    .text               timer_software.o
    0x00003a88   0x00003a88   0x000000ee   Code   RO          491    .text               c_w.l(lludivv7m.o)
    0x00003b76   0x00003b76   0x00000002   PAD
    0x00003b78   0x00003b78   0x00000018   Code   RO          495    .text               c_w.l(noretval__2printf.o)
    0x00003b90   0x00003b90   0x0000004e   Code   RO          499    .text               c_w.l(_printf_pad.o)
    0x00003bde   0x00003bde   0x00000052   Code   RO          501    .text               c_w.l(_printf_str.o)
    0x00003c30   0x00003c30   0x00000078   Code   RO          503    .text               c_w.l(_printf_dec.o)
    0x00003ca8   0x00003ca8   0x00000138   Code   RO          538    .text               c_w.l(__printf_flags_wp.o)
    0x00003de0   0x00003de0   0x0000001a   Code   RO          552    .text               c_w.l(atoi.o)
    0x00003dfa   0x00003dfa   0x00000002   PAD
    0x00003dfc   0x00003dfc   0x00000080   Code   RO          554    .text               c_w.l(assert.o)
    0x00003e7c   0x00003e7c   0x0000003e   Code   RO          556    .text               c_w.l(strlen.o)
    0x00003eba   0x00003eba   0x00000064   Code   RO          558    .text               c_w.l(rt_memcpy_w.o)
    0x00003f1e   0x00003f1e   0x000000b2   Code   RO          602    .text               c_w.l(_printf_intcommon.o)
    0x00003fd0   0x00003fd0   0x0000002c   Code   RO          604    .text               c_w.l(_printf_char.o)
    0x00003ffc   0x00003ffc   0x00000024   Code   RO          606    .text               c_w.l(_printf_char_file.o)
    0x00004020   0x00004020   0x00000070   Code   RO          609    .text               c_w.l(strtol.o)
    0x00004090   0x00004090   0x00000016   Code   RO          611    .text               c_w.l(abort.o)
    0x000040a6   0x000040a6   0x00000014   Code   RO          613    .text               c_w.l(assert_puts.o)
    0x000040ba   0x000040ba   0x00000002   PAD
    0x000040bc   0x000040bc   0x00000010   Code   RO          644    .text               c_w.l(rt_ctype_table.o)
    0x000040cc   0x000040cc   0x00000030   Code   RO          648    .text               c_w.l(_printf_char_common.o)
    0x000040fc   0x000040fc   0x0000009e   Code   RO          650    .text               c_w.l(_strtoul.o)
    0x0000419a   0x0000419a   0x0000000e   Code   RO          652    .text               c_w.l(defsig_abrt_outer.o)
    0x000041a8   0x000041a8   0x0000004a   Code   RO          656    .text               c_w.l(sys_stackheap_outer.o)
    0x000041f2   0x000041f2   0x00000002   PAD
    0x000041f4   0x000041f4   0x00000008   Code   RO          663    .text               c_w.l(rt_locale_intlibspace.o)
    0x000041fc   0x000041fc   0x0000001c   Code   RO          667    .text               c_w.l(_chval.o)
    0x00004218   0x00004218   0x00000012   Code   RO          672    .text               c_w.l(exit.o)
    0x0000422a   0x0000422a   0x0000000a   Code   RO          674    .text               c_w.l(defsig_exit.o)
    0x00004234   0x00004234   0x00000030   Code   RO          676    .text               c_w.l(defsig_abrt_inner.o)
    0x00004264   0x00004264   0x00000032   Code   RO          692    .text               c_w.l(defsig_general.o)
    0x00004296   0x00004296   0x00000002   PAD
    0x00004298   0x00004298   0x00000080   Code   RO          696    .text               c_w.l(strcmpv7m.o)
    0x00004318   0x00004318   0x0000000e   Code   RO          536    i._is_digit         c_w.l(__printf_wp.o)
    0x00004326   0x00004326   0x00000002   PAD
    0x00004328   0x00004328   0x0000002c   Code   RO          670    locale$$code        c_w.l(lc_ctype_c.o)
    0x00004354   0x00004354   0x00000062   Code   RO          564    x$fpl$d2f           fz_ws.l(d2f.o)
    0x000043b6   0x000043b6   0x00000002   PAD
    0x000043b8   0x000043b8   0x000002b0   Code   RO          567    x$fpl$ddiv          fz_ws.l(ddiv.o)
    0x00004668   0x00004668   0x00000026   Code   RO          570    x$fpl$dfltu         fz_ws.l(dflt_clz.o)
    0x0000468e   0x0000468e   0x0000009c   Code   RO          615    x$fpl$dnaninf       fz_ws.l(dnaninf.o)
    0x0000472a   0x0000472a   0x0000000c   Code   RO          617    x$fpl$dretinf       fz_ws.l(dretinf.o)
    0x00004736   0x00004736   0x00000018   Code   RO          619    x$fpl$fcmpinf       fz_ws.l(fcmpi.o)
    0x0000474e   0x0000474e   0x00000002   PAD
    0x00004750   0x00004750   0x00000184   Code   RO          577    x$fpl$fdiv          fz_ws.l(fdiv.o)
    0x000048d4   0x000048d4   0x0000003e   Code   RO          580    x$fpl$ffixu         fz_ws.l(ffixu.o)
    0x00004912   0x00004912   0x00000002   PAD
    0x00004914   0x00004914   0x00000026   Code   RO          584    x$fpl$ffltu         fz_ws.l(fflt_clz.o)
    0x0000493a   0x0000493a   0x00000002   PAD
    0x0000493c   0x0000493c   0x00000068   Code   RO          590    x$fpl$fleqf         fz_ws.l(fleqf.o)
    0x000049a4   0x000049a4   0x0000008c   Code   RO          621    x$fpl$fnaninf       fz_ws.l(fnaninf.o)
    0x00004a30   0x00004a30   0x0000000a   Code   RO          623    x$fpl$fretinf       fz_ws.l(fretinf.o)
    0x00004a3a   0x00004a3a   0x00000000   Code   RO          625    x$fpl$usenofp       fz_ws.l(usenofp.o)
    0x00004a3a   0x00004a3a   0x00000002   PAD
    0x00004a3c   0x00004a3c   0x0000326c   Data   RO          180    .constdata          parser.o
    0x00007ca8   0x00007ca8   0x00003ed0   Data   RO          338    .constdata          gl_fonts.o
    0x0000bb78   0x0000bb78   0x00000011   Data   RO          539    .constdata          c_w.l(__printf_flags_wp.o)
    0x0000bb89   0x0000bb89   0x00000003   PAD
    0x0000bb8c   0x0000bb8c   0x00000009   Data   RO            4    .conststring        main.o
    0x0000bb95   0x0000bb95   0x00000003   PAD
    0x0000bb98   0x0000bb98   0x00000020   Data   RO          802    Region$$Table       anon$$obj.o
    0x0000bbb8   0x0000bbb8   0x00000110   Data   RO          669    locale$$data        c_w.l(lc_ctype_c.o)


    Execution Region RW_IRAM1 (Exec base: 0x10000000, Load base: 0x0000bcc8, Size: 0x00005030, Max: 0x00010000, ABSOLUTE, COMPRESSED[0x00000090])

    Exec Addr    Load Addr    Size         Type   Attr      Idx    E Section Name        Object

    0x10000000   COMPRESSED   0x00000010   Data   RW            5    .data               main.o
    0x10000010   COMPRESSED   0x00000010   Data   RW           99    .data               system_lpc177x_8x.o
    0x10000020   COMPRESSED   0x00000008   Data   RW          139    .data               retarget.o
    0x10000028   COMPRESSED   0x00000004   Data   RW          181    .data               parser.o
    0x1000002c   COMPRESSED   0x00000104   Data   RW          265    .data               drv_uart.o
    0x10000130   COMPRESSED   0x00000018   Data   RW          311    .data               drv_touchscreen.o
    0x10000148   COMPRESSED   0x00000028   Data   RW          339    .data               gl_fonts.o
    0x10000170   COMPRESSED   0x0000000f   Data   RW          354    .data               drv_led.o
    0x1000017f   COMPRESSED   0x00000001   PAD
    0x10000180   COMPRESSED   0x00000002   Data   RW          447    .data               timer_software.o
    0x10000182   COMPRESSED   0x00000002   PAD
    0x10000184        -       0x0000326c   Zero   RW          179    .bss                parser.o
    0x100033f0        -       0x000014a0   Zero   RW          264    .bss                drv_uart.o
    0x10004890        -       0x00000140   Zero   RW          446    .bss                timer_software.o
    0x100049d0        -       0x00000060   Zero   RW          627    .bss                c_w.l(libspace.o)
    0x10004a30        -       0x00000400   Zero   RW          129    HEAP                startup_lpc177x_8x.o
    0x10004e30        -       0x00000200   Zero   RW          128    STACK               startup_lpc177x_8x.o


    Execution Region RW_RAM1 (Exec base: 0xa0000000, Load base: 0x0000bd58, Size: 0x0007f800, Max: 0x02000000, ABSOLUTE, UNINIT)

    Exec Addr    Load Addr    Size         Type   Attr      Idx    E Section Name        Object

    0xa0000000        -       0x0007f800   Zero   RW          231    .bss                drv_lcd.o


==============================================================================

Image component sizes


      Code (inc. data)   RO Data    RW Data    ZI Data      Debug   Object Name

       320          0          0          0          0       1617   drv_general.o
      1540         56          0          0     522240       8071   drv_lcd.o
       220         16          0         15          0       2094   drv_led.o
       656         42          0          0          0       1915   drv_sdram.o
      1596        148          0         24          0       5147   drv_touchscreen.o
      4768        318          0        260       5280      11282   drv_uart.o
         0          0      16080         40          0       1433   gl_fonts.o
       736        128          9         16          0      11922   main.o
       960        220      12908          4      12908       3383   parser.o
        88          0          0          8          0       4262   retarget.o
       410          0          0          0          0       4851   ringbuf.o
        68         30        228          0       1536        984   startup_lpc177x_8x.o
      1040         38          0         16          0       1287   system_lpc177x_8x.o
      1968         18          0          2        320       7644   timer_software.o
        96         10          0          0          0        635   timer_software_init.o

    ----------------------------------------------------------------------
     14468       1024      29260        388     542284      66527   Object Totals
         0          0         32          0          0          0   (incl. Generated)
         2          0          3          3          0          0   (incl. Padding)

    ----------------------------------------------------------------------

      Code (inc. data)   RO Data    RW Data    ZI Data      Debug   Library Member Name

        90          0          0          0          0          0   __dczerorl2.o
         8          0          0          0          0         68   __main.o
       312          4         17          0          0         92   __printf_flags_wp.o
        14          0          0          0          0         68   __printf_wp.o
         0          0          0          0          0          0   __rtentry.o
        12          0          0          0          0          0   __rtentry2.o
         6          0          0          0          0          0   __rtentry4.o
        52          8          0          0          0          0   __scatter.o
        28          0          0          0          0          0   __scatter_zi.o
        28          0          0          0          0         68   _chval.o
         6          0          0          0          0          0   _printf_c.o
        44          0          0          0          0        108   _printf_char.o
        48          6          0          0          0         96   _printf_char_common.o
        36          4          0          0          0         80   _printf_char_file.o
         6          0          0          0          0          0   _printf_d.o
       120         16          0          0          0         92   _printf_dec.o
       178          0          0          0          0         88   _printf_intcommon.o
        78          0          0          0          0        108   _printf_pad.o
         0          0          0          0          0          0   _printf_percent.o
         4          0          0          0          0          0   _printf_percent_end.o
         6          0          0          0          0          0   _printf_s.o
        82          0          0          0          0         80   _printf_str.o
         6          0          0          0          0          0   _printf_u.o
       158          0          0          0          0         92   _strtoul.o
        22          0          0          0          0         80   abort.o
       128         42          0          0          0         76   assert.o
        20          0          0          0          0         76   assert_puts.o
        26          0          0          0          0         80   atoi.o
        48         34          0          0          0         76   defsig_abrt_inner.o
        14          0          0          0          0         80   defsig_abrt_outer.o
        10          0          0          0          0         68   defsig_exit.o
        50          0          0          0          0         88   defsig_general.o
        18          0          0          0          0         80   exit.o
         6          0          0          0          0        152   heapauxi.o
        44         10        272          0          0         76   lc_ctype_c.o
         2          0          0          0          0          0   libinit.o
        20          0          0          0          0          0   libinit2.o
         2          0          0          0          0          0   libshutdown.o
         2          0          0          0          0          0   libshutdown2.o
         8          4          0          0         96         68   libspace.o
       238          0          0          0          0        100   lludivv7m.o
        24          4          0          0          0         84   noretval__2printf.o
        16          4          0          0          0         76   rt_ctype_table.o
         8          4          0          0          0         68   rt_errno_addr_intlibspace.o
         8          4          0          0          0         68   rt_locale_intlibspace.o
       100          0          0          0          0         80   rt_memcpy_w.o
         2          0          0          0          0          0   rtexit.o
        10          0          0          0          0          0   rtexit2.o
       128          0          0          0          0         68   strcmpv7m.o
        62          0          0          0          0         76   strlen.o
       112          0          0          0          0         88   strtol.o
        74          0          0          0          0         80   sys_stackheap_outer.o
         2          0          0          0          0         68   use_no_semi.o
        98          4          0          0          0         92   d2f.o
       688        140          0          0          0        208   ddiv.o
        38          0          0          0          0         68   dflt_clz.o
       156          4          0          0          0         92   dnaninf.o
        12          0          0          0          0         68   dretinf.o
        24          0          0          0          0         68   fcmpi.o
       388         76          0          0          0         96   fdiv.o
        62          4          0          0          0         84   ffixu.o
        38          0          0          0          0         68   fflt_clz.o
       104          4          0          0          0         84   fleqf.o
       140          4          0          0          0         84   fnaninf.o
        10          0          0          0          0         68   fretinf.o
         0          0          0          0          0          0   usenofp.o

    ----------------------------------------------------------------------
      4308        380        292          0         96       3976   Library Totals
        24          0          3          0          0          0   (incl. Padding)

    ----------------------------------------------------------------------

      Code (inc. data)   RO Data    RW Data    ZI Data      Debug   Library Name

      2526        144        289          0         96       2896   c_w.l
      1758        236          0          0          0       1080   fz_ws.l

    ----------------------------------------------------------------------
      4308        380        292          0         96       3976   Library Totals

    ----------------------------------------------------------------------

==============================================================================


      Code (inc. data)   RO Data    RW Data    ZI Data      Debug   

     18776       1404      29552        388     542380      67327   Grand Totals
     18776       1404      29552        144     542380      67327   ELF Image Totals (compressed)
     18776       1404      29552        144          0          0   ROM Totals

==============================================================================

    Total RO  Size (Code + RO Data)                48328 (  47.20kB)
    Total RW  Size (RW Data + ZI Data)            542768 ( 530.05kB)
    Total ROM Size (Code + RO Data + RW Data)      48472 (  47.34kB)

==============================================================================

