<html>
<body>
<pre>
<h1>µVision Build Log</h1>
<h2>Tool Versions:</h2>
IDE-Version: µVision V5.29.0.0
Copyright (C) 2019 ARM Ltd and ARM Germany GmbH. All rights reserved.
License Information: a a, a, LIC=MPP56-DD5IP-Z7URU-SRHQA-K3DTW-11M2I
 
Tool Versions:
Toolchain:       MDK-ARM Plus  Version: 5.29.0.0
Toolchain Path:  C:\Keil_v5\ARM\ARMCC\Bin
C Compiler:      Armcc.exe V5.06 update 6 (build 750)
Assembler:       Armasm.exe V5.06 update 6 (build 750)
Linker/Locator:  ArmLink.exe V5.06 update 6 (build 750)
Library Manager: ArmAr.exe V5.06 update 6 (build 750)
Hex Converter:   FromElf.exe V5.06 update 6 (build 750)
CPU DLL:         SARMCM3.DLL V5.29.0.0
Dialog DLL:      DARMP1.DLL V1.27.0.0
Target DLL:      Segger\JL2CM3.dll V2.99.36.0
Dialog DLL:      TARMP1.DLL V1.26.0.0
 
<h2>Project:</h2>
C:\Users\dspuser\Desktop\lpc_tatu_ralu2\lpc_tatu_ralu\lpc_test_1\test.uvproj
Project File Date:  11/11/2022

<h2>Output:</h2>
*** Using Compiler 'V5.06 update 6 (build 750)', folder: 'C:\Keil_v5\ARM\ARMCC\Bin'
Build target 'Target 1'
compiling main.c...
code\Parser.h(26): warning:  #1295-D: Deprecated declaration print_data - give arg types
  void print_data();
code\Parser.h(27): warning:  #1295-D: Deprecated declaration get_data - give arg types
  uint32_t get_data();
code\main.c(235): warning:  #111-D: statement is unreachable
  	return 0; 
code\main.c(119): warning:  #177-D: variable "ch"  was declared but never referenced
  	uint8_t ch;
code\main.c: 4 warnings, 0 errors
linking...
Program Size: Code=18776 RO-data=29552 RW-data=388 ZI-data=542380  
".\output\test.axf" - 0 Error(s), 4 Warning(s).
Build Time Elapsed:  00:00:01
</pre>
</body>
</html>
